 
****************************************
check_design summary:
Version:     J-2014.09-SP2
Date:        Fri Apr 22 15:03:35 2022
****************************************

                   Name                                            Total
--------------------------------------------------------------------------------
Inputs/Outputs                                                      1
    Unconnected ports (LINT-28)                                     1
--------------------------------------------------------------------------------

Warning: In design 'remap_top', port 'num_i[0]' is not connected to any nets. (LINT-28)
1
 
****************************************
Report : qor
Design : remap_top
Version: J-2014.09-SP2
Date   : Fri Apr 22 15:03:35 2022
****************************************


  Timing Path Group 'VCLK'
  -----------------------------------
  Levels of Logic:              30.00
  Critical Path Length:          1.67
  Critical Path Slack:          -0.92
  Critical Path Clk Period:      5.00
  Total Negative Slack:        -23.28
  No. of Violating Paths:       27.00
  Worst Hold Violation:          0.00
  Total Hold Violation:          0.00
  No. of Hold Violations:        0.00
  -----------------------------------


  Cell Count
  -----------------------------------
  Hierarchical Cell Count:          1
  Hierarchical Port Count:         55
  Leaf Cell Count:               2619
  Buf/Inv Cell Count:             824
  Buf Cell Count:                 112
  Inv Cell Count:                 712
  CT Buf/Inv Cell Count:            0
  Combinational Cell Count:      2619
  Sequential Cell Count:            0
  Macro Count:                      0
  -----------------------------------


  Area
  -----------------------------------
  Combinational Area:    22130.908557
  Noncombinational Area:     0.000000
  Buf/Inv Area:           4170.879936
  Total Buffer Area:           770.52
  Total Inverter Area:        3400.36
  Macro/Black Box Area:      0.000000
  Net Area:                  0.000000
  -----------------------------------
  Cell Area:             22130.908557
  Design Area:           22130.908557


  Design Rules
  -----------------------------------
  Total Number of Nets:          2656
  Nets With Violations:             0
  Max Trans Violations:             0
  Max Cap Violations:               0
  -----------------------------------


  Hostname: icd2linux42

  Compile CPU Statistics
  -----------------------------------------
  Resource Sharing:                    2.20
  Logic Optimization:                 41.28
  Mapping Optimization:              178.23
  -----------------------------------------
  Overall Compile Time:              237.01
  Overall Compile Wall Clock Time:   239.01

  --------------------------------------------------------------------

  Design  WNS: 0.92  TNS: 23.28  Number of Violating Paths: 27


  Design (Hold)  WNS: 0.00  TNS: 0.00  Number of Violating Paths: 0

  --------------------------------------------------------------------


1
 
****************************************
Report : constraint
        -all_violators
Design : remap_top
Version: J-2014.09-SP2
Date   : Fri Apr 22 15:03:35 2022
****************************************


   max_delay/setup ('VCLK' group)

                             Required        Actual
   Endpoint                 Path Delay     Path Delay        Slack
   -----------------------------------------------------------------
   rslt_o[23]                   1.25           2.17 f        -0.92  (VIOLATED)
   rslt_o[20]                   1.25           2.17 f        -0.92  (VIOLATED)
   rslt_o[26]                   1.25           2.17 r        -0.92  (VIOLATED)
   rslt_o[21]                   1.25           2.17 f        -0.92  (VIOLATED)
   rslt_o[25]                   1.25           2.17 f        -0.92  (VIOLATED)
   rslt_o[18]                   1.25           2.17 f        -0.92  (VIOLATED)
   rslt_o[22]                   1.25           2.17 f        -0.92  (VIOLATED)
   rslt_o[24]                   1.25           2.17 f        -0.92  (VIOLATED)
   rslt_o[17]                   1.25           2.16 f        -0.91  (VIOLATED)
   rslt_o[12]                   1.25           2.15 f        -0.90  (VIOLATED)
   rslt_o[19]                   1.25           2.15 f        -0.90  (VIOLATED)
   rslt_o[16]                   1.25           2.15 f        -0.90  (VIOLATED)
   rslt_o[5]                    1.25           2.15 f        -0.90  (VIOLATED)
   rslt_o[7]                    1.25           2.12 r        -0.87  (VIOLATED)
   rslt_o[6]                    1.25           2.11 f        -0.86  (VIOLATED)
   rslt_o[14]                   1.25           2.11 r        -0.86  (VIOLATED)
   rslt_o[8]                    1.25           2.11 r        -0.86  (VIOLATED)
   rslt_o[15]                   1.25           2.09 f        -0.84  (VIOLATED)
   rslt_o[9]                    1.25           2.07 f        -0.82  (VIOLATED)
   rslt_o[13]                   1.25           2.07 r        -0.82  (VIOLATED)
   rslt_o[4]                    1.25           2.07 r        -0.82  (VIOLATED)
   rslt_o[11]                   1.25           2.07 r        -0.82  (VIOLATED)
   rslt_o[2]                    1.25           2.03 r        -0.78  (VIOLATED)
   rslt_o[10]                   1.25           2.03 f        -0.78  (VIOLATED)
   rslt_o[1]                    1.25           2.02 f        -0.77  (VIOLATED)
   rslt_o[3]                    1.25           2.02 r        -0.77  (VIOLATED)
   rslt_o[0]                    1.25           1.97 f        -0.72  (VIOLATED)


   max_area

                             Required        Actual
   Design                      Area           Area           Slack
   -----------------------------------------------------------------
   remap_top                 5000.00       22130.91       -17130.91 (VIOLATED)


   max_leakage_power

                             Required        Actual
   Design                   Leakage Power  Leakage Power     Slack
   -----------------------------------------------------------------
   remap_top                    0.00       7481539584.00  -7481539584.00
                                                                    (VIOLATED)


1
 
****************************************
Report : power
        -analysis_effort low
Design : remap_top
Version: J-2014.09-SP2
Date   : Fri Apr 22 15:03:36 2022
****************************************


Library(s) Used:

    CORE90GPSVT (File: /net/vlsiapp/usr6/library/STM/cmos090/CORE90GPSVT_SNPS-AVT_2.1/SNPS/bc_1.10V_m40C_wc_0.90V_125C/PHS/CORE90GPSVT_Worst.db)
    CORX90GPSVT (File: /net/vlsiapp/usr6/library/STM/cmos090/CORX90GPSVT_SNPS-AVT_4.1/SNPS/bc_1.10V_m40C_wc_0.90V_125C/PHS/CORX90GPSVT_Worst.db)


Operating Conditions: Worst   Library: CORE90GPSVT
Wire Load Model Mode: enclosed

Design        Wire Load Model            Library
------------------------------------------------
remap_top              area_18Kto24K     CORE90GPSVT
remap                  area_12Kto18K     CORE90GPSVT


Global Operating Voltage = 0.9  
Power-specific unit information :
    Voltage Units = 1V
    Capacitance Units = 1.000000pf
    Time Units = 1ns
    Dynamic Power Units = 1mW    (derived from V,C,T units)
    Leakage Power Units = 1pW


  Cell Internal Power  = 567.2045 uW   (50%)
  Net Switching Power  = 572.0320 uW   (50%)
                         ---------
Total Dynamic Power    =   1.1392 mW  (100%)

Cell Leakage Power     =   5.2896 mW

Information: report_power power group summary does not include estimated clock tree power. (PWR-789)

                 Internal         Switching           Leakage            Total
Power Group      Power            Power               Power              Power   (   %    )  Attrs
--------------------------------------------------------------------------------------------------
io_pad             0.0000            0.0000            0.0000            0.0000  (   0.00%)
memory             0.0000            0.0000            0.0000            0.0000  (   0.00%)
black_box          0.0000            0.0000            0.0000            0.0000  (   0.00%)
clock_network      0.0000            0.0000            0.0000            0.0000  (   0.00%)
register           0.0000            0.0000            0.0000            0.0000  (   0.00%)
sequential         0.0000            0.0000            0.0000            0.0000  (   0.00%)
combinational      0.5672            0.5720        5.2896e+09            6.4288  ( 100.00%)
--------------------------------------------------------------------------------------------------
Total              0.5672 mW         0.5720 mW     5.2896e+09 pW         6.4288 mW
1
 
****************************************
Report : area
Design : remap_top
Version: J-2014.09-SP2
Date   : Fri Apr 22 15:03:36 2022
****************************************

Library(s) Used:

    CORE90GPSVT (File: /net/vlsiapp/usr6/library/STM/cmos090/CORE90GPSVT_SNPS-AVT_2.1/SNPS/bc_1.10V_m40C_wc_0.90V_125C/PHS/CORE90GPSVT_Worst.db)
    CORX90GPSVT (File: /net/vlsiapp/usr6/library/STM/cmos090/CORX90GPSVT_SNPS-AVT_4.1/SNPS/bc_1.10V_m40C_wc_0.90V_125C/PHS/CORX90GPSVT_Worst.db)

Number of ports:                           64
Number of nets:                           647
Number of cells:                          590
Number of combinational cells:            589
Number of sequential cells:                 0
Number of macros/black boxes:               0
Number of buf/inv:                        183
Number of references:                     116

Combinational area:              22130.908557
Buf/Inv area:                     4170.879936
Noncombinational area:               0.000000
Macro/Black Box area:                0.000000
Net Interconnect area:      undefined  (Wire load has zero net area)

Total cell area:                 22130.908557
Total area:                 undefined
1
 
****************************************
Report : design
Design : remap_top
Version: J-2014.09-SP2
Date   : Fri Apr 22 15:03:36 2022
****************************************

Design allows ideal nets on clock nets.

Library(s) Used:

    CORE90GPSVT (File: /net/vlsiapp/usr6/library/STM/cmos090/CORE90GPSVT_SNPS-AVT_2.1/SNPS/bc_1.10V_m40C_wc_0.90V_125C/PHS/CORE90GPSVT_Worst.db)
    CORX90GPSVT (File: /net/vlsiapp/usr6/library/STM/cmos090/CORX90GPSVT_SNPS-AVT_4.1/SNPS/bc_1.10V_m40C_wc_0.90V_125C/PHS/CORX90GPSVT_Worst.db)

Local Link Library:

    {/net/vlsiapp/usr6/library/STM/cmos090/CORE90GPSVT_SNPS-AVT_2.1/SNPS//bc_1.10V_m40C_wc_0.90V_125C/PHS/CORE90GPSVT_Worst.db, /net/vlsiapp/usr6/library/STM/cmos090/PR90M7_SNPS-AVT_2.1/SNPS//bc_1.10V_m40C_wc_0.90V_125C/PHS/PR90M7_Worst.db, /net/vlsiapp/usr6/library/STM/cmos090/CORX90GPSVT_SNPS-AVT_4.1/SNPS//bc_1.10V_m40C_wc_0.90V_125C/PHS/CORX90GPSVT_Worst.db}

Flip-Flop Types:

    No flip-flop types specified.

Latch Types:

    No latch types specified.

Operating Conditions:


    Operating Condition Name : Worst
    Library : CORE90GPSVT
    Process :   1.20
    Temperature : 125.00
    Voltage :   0.90
    Interconnect Model : balanced_tree

Wire Loading Model:

    Selected automatically from the total cell area.

Name           :   area_18Kto24K
Location       :   CORE90GPSVT
Resistance     :   1.94119
Capacitance    :   1
Area           :   0
Slope          :   0.0020892
Fanout   Length   Points Average Cap Std Deviation
--------------------------------------------------------------
     1     0.00
     2     0.00
     3     0.01
     4     0.01
     5     0.01
     6     0.01
     7     0.01
     8     0.02
     9     0.02
    10     0.02
    11     0.02
    12     0.03
    13     0.03
    14     0.03
    15     0.03



Wire Loading Model Mode: enclosed.

Timing Ranges:

    No timing ranges specified.

Pin Input Delays:

    None specified.

Pin Output Delays:

    None specified.

Disabled Timing Arcs:

    No arcs disabled.

Required Licenses:

    None Required

Design Parameters:

    None specified.
1
 
****************************************
Report : cell
Design : remap_top
Version: J-2014.09-SP2
Date   : Fri Apr 22 15:03:36 2022
****************************************

Attributes:
    b - black box (unknown)
    h - hierarchical
    n - noncombinational
    r - removable
    u - contains unmapped logic

Cell                      Reference       Library             Area  Attributes
--------------------------------------------------------------------------------
U200                      BFSVTX0H        CORE90GPSVT     3.292800  
U201                      AO6ASVTX4       CORE90GPSVT     12.073600 
U202                      BFSVTX6         CORE90GPSVT     7.683200  
U203                      AO4ABSVTX6      CORE90GPSVT     19.756800 
U204                      IVSVTX10        CORE90GPSVT     8.780800  
U205                      CTIVSVTX2       CORX90GPSVT     3.292800  
U206                      NR4ABSVTX6      CORE90GPSVT     16.464001 
U207                      CTIVSVTX2       CORX90GPSVT     3.292800  
U208                      IVSVTX10        CORE90GPSVT     8.780800  
U209                      BFSVTX0H        CORE90GPSVT     3.292800  
U210                      IVSVTX10        CORE90GPSVT     8.780800  
U211                      ND2ASVTX6       CORE90GPSVT     12.073600 
U212                      AO7SVTX1        CORE90GPSVT     4.390400  
U213                      AO4SVTX6        CORE90GPSVT     19.756800 
U214                      AO2SVTX6        CORE90GPSVT     19.756800 
U215                      ND3SVTX4        CORE90GPSVT     8.780800  
U216                      BFSVTX8         CORE90GPSVT     9.878400  
U217                      CTBUFSVTX4      CORX90GPSVT     6.585600  
U218                      IVSVTX0H        CORE90GPSVT     2.195200  
U219                      ND2ASVTX4       CORE90GPSVT     8.780800  
U220                      AO7ASVTX6       CORE90GPSVT     16.464001 
U221                      ND3SVTX4        CORE90GPSVT     8.780800  
U222                      ND3ABSVTX4      CORE90GPSVT     9.878400  
U223                      AO7SVTX2        CORE90GPSVT     6.585600  
U224                      IVSVTX10        CORE90GPSVT     8.780800  
U225                      CTBUFSVTX4      CORX90GPSVT     6.585600  
U226                      ND2SVTX2        CORE90GPSVT     4.390400  
U227                      IVSVTX0H        CORE90GPSVT     2.195200  
U228                      CTIVSVTX2       CORX90GPSVT     3.292800  
U229                      ND2SVTX4        CORE90GPSVT     6.585600  
U230                      IVSVTX0H        CORE90GPSVT     2.195200  
U231                      IVSVTX0H        CORE90GPSVT     2.195200  
U232                      ND3SVTX4        CORE90GPSVT     8.780800  
U233                      NR2SVTX6        CORE90GPSVT     8.780800  
U234                      MUX21NSVTX6     CORE90GPSVT     21.952000 
U235                      AO2SVTX4        CORE90GPSVT     14.268800 
U236                      AO7SVTX2        CORE90GPSVT     6.585600  
U237                      IVSVTX2         CORE90GPSVT     3.292800  
U238                      IVSVTX4         CORE90GPSVT     4.390400  
U239                      ND2ASVTX4       CORE90GPSVT     8.780800  
U240                      ND3SVTX6        CORE90GPSVT     12.073600 
U241                      IVSVTX2         CORE90GPSVT     3.292800  
U242                      AN2SVTX4        CORE90GPSVT     7.683200  
U243                      NR2SVTX2        CORE90GPSVT     4.390400  
U244                      CTIVSVTX10      CORX90GPSVT     8.780800  
U245                      AO7SVTX4        CORE90GPSVT     10.976000 
U246                      AO7ASVTX2       CORE90GPSVT     7.683200  
U247                      B_ND2SVTX2      CORX90GPSVT     4.390400  
U248                      NR2SVTX2        CORE90GPSVT     4.390400  
U249                      ND3ASVTX4       CORE90GPSVT     12.073600 
U250                      BFSVTX6         CORE90GPSVT     7.683200  
U251                      ND3SVTX6        CORE90GPSVT     12.073600 
U252                      NR2ASVTX2       CORE90GPSVT     5.488000  
U253                      IVSVTX8         CORE90GPSVT     7.683200  
U254                      IVSVTX4         CORE90GPSVT     4.390400  
U255                      CTBUFSVTX4      CORX90GPSVT     6.585600  
U256                      CTIVSVTX2       CORX90GPSVT     3.292800  
U257                      IVSVTX0H        CORE90GPSVT     2.195200  
U258                      BFSVTX4         CORE90GPSVT     6.585600  
U259                      CTBUFSVTX4      CORX90GPSVT     6.585600  
U260                      NR3SVTX4        CORE90GPSVT     8.780800  
U261                      IVSVTX6         CORE90GPSVT     6.585600  
U262                      IVSVTX2         CORE90GPSVT     3.292800  
U263                      IVSVTX10        CORE90GPSVT     8.780800  
U264                      IVSVTX0H        CORE90GPSVT     2.195200  
U265                      IVSVTX2         CORE90GPSVT     3.292800  
U266                      IVSVTX0H        CORE90GPSVT     2.195200  
U267                      IVSVTX0H        CORE90GPSVT     2.195200  
U268                      ND2ASVTX4       CORE90GPSVT     8.780800  
U269                      BFSVTX2         CORE90GPSVT     4.390400  
U270                      IVSVTX8         CORE90GPSVT     7.683200  
U271                      IVSVTX2         CORE90GPSVT     3.292800  
U272                      ND2ASVTX6       CORE90GPSVT     12.073600 
U273                      IVSVTX6         CORE90GPSVT     6.585600  
U274                      OR2SVTX6        CORE90GPSVT     10.976000 
U275                      NR3ABSVTX6      CORE90GPSVT     14.268800 
U276                      IVSVTX8         CORE90GPSVT     7.683200  
U277                      IVSVTX2         CORE90GPSVT     3.292800  
U278                      NR2ASVTX4       CORE90GPSVT     8.780800  
U279                      IVSVTX8         CORE90GPSVT     7.683200  
U280                      IVSVTX2         CORE90GPSVT     3.292800  
U281                      IVSVTX2         CORE90GPSVT     3.292800  
U282                      NR3SVTX6        CORE90GPSVT     12.073600 
U283                      IVSVTX2         CORE90GPSVT     3.292800  
U284                      CTBUFSVTX4      CORX90GPSVT     6.585600  
U285                      BFSVTX2         CORE90GPSVT     4.390400  
U286                      NR3SVTX4        CORE90GPSVT     8.780800  
U287                      BFSVTX2         CORE90GPSVT     4.390400  
U288                      OR2SVTX2        CORE90GPSVT     5.488000  
U289                      ND2SVTX2        CORE90GPSVT     4.390400  
U290                      CTBUFSVTX4      CORX90GPSVT     6.585600  
U291                      CTBUFSVTX4      CORX90GPSVT     6.585600  
U292                      IVSVTX2         CORE90GPSVT     3.292800  
U293                      IVSVTX2         CORE90GPSVT     3.292800  
U294                      ND2SVTX6        CORE90GPSVT     8.780800  
U295                      CTIVSVTX2       CORX90GPSVT     3.292800  
U296                      ND3SVTX6        CORE90GPSVT     12.073600 
U297                      ND2SVTX4        CORE90GPSVT     6.585600  
U298                      NR2SVTX4        CORE90GPSVT     6.585600  
U299                      ND3ABSVTX4      CORE90GPSVT     9.878400  
U300                      IVSVTX0H        CORE90GPSVT     2.195200  
U301                      BFSVTX2         CORE90GPSVT     4.390400  
U302                      NR2SVTX2        CORE90GPSVT     4.390400  
U303                      NR2SVTX4        CORE90GPSVT     6.585600  
U304                      IVSVTX8         CORE90GPSVT     7.683200  
U305                      IVSVTX6         CORE90GPSVT     6.585600  
U306                      ND2SVTX6        CORE90GPSVT     8.780800  
U307                      CTBUFSVTX4      CORX90GPSVT     6.585600  
U308                      B_ND2SVTX2      CORX90GPSVT     4.390400  
U309                      NR2SVTX4        CORE90GPSVT     6.585600  
U310                      BFSVTX6         CORE90GPSVT     7.683200  
U311                      IVSVTX4         CORE90GPSVT     4.390400  
U312                      AO6ABSVTX8      CORE90GPSVT     16.464001 
U313                      NR2SVTX8        CORE90GPSVT     12.073600 
U314                      NR2SVTX8        CORE90GPSVT     12.073600 
U315                      ND2SVTX8        CORE90GPSVT     12.073600 
U316                      NR3ABSVTX8      CORE90GPSVT     17.561600 
U317                      ND2ASVTX8       CORE90GPSVT     13.171200 
U318                      ND3SVTX8        CORE90GPSVT     15.366400 
U319                      ND3SVTX6        CORE90GPSVT     12.073600 
U320                      ND2SVTX4        CORE90GPSVT     6.585600  
U321                      IVSVTX4         CORE90GPSVT     4.390400  
U322                      ND2ASVTX8       CORE90GPSVT     13.171200 
U323                      AO6SVTX6        CORE90GPSVT     15.366400 
U324                      NR2SVTX8        CORE90GPSVT     12.073600 
U325                      IVSVTX12        CORE90GPSVT     10.976000 
U326                      BFSVTX10        CORE90GPSVT     12.073600 
U327                      IVSVTX6         CORE90GPSVT     6.585600  
U328                      ND3SVTX6        CORE90GPSVT     12.073600 
U329                      BFSVTX10        CORE90GPSVT     12.073600 
U330                      ND3SVTX8        CORE90GPSVT     15.366400 
U331                      ND3SVTX6        CORE90GPSVT     12.073600 
U332                      AO7SVTX8        CORE90GPSVT     19.756800 
U333                      NR2SVTX6        CORE90GPSVT     8.780800  
U334                      IVSVTX6         CORE90GPSVT     6.585600  
U335                      NR2SVTX8        CORE90GPSVT     12.073600 
U336                      ND3SVTX8        CORE90GPSVT     15.366400 
U337                      IVSVTX10        CORE90GPSVT     8.780800  
U338                      ND3SVTX8        CORE90GPSVT     15.366400 
U339                      AO4SVTX8        CORE90GPSVT     25.244801 
U340                      ND3SVTX8        CORE90GPSVT     15.366400 
U341                      AO1ASVTX4       CORE90GPSVT     15.366400 
U342                      AO4SVTX6        CORE90GPSVT     19.756800 
U343                      IVSVTX4         CORE90GPSVT     4.390400  
U344                      ND2SVTX6        CORE90GPSVT     8.780800  
U345                      ND2SVTX6        CORE90GPSVT     8.780800  
U346                      ND2SVTX8        CORE90GPSVT     12.073600 
U347                      AO21SVTX8       CORE90GPSVT     20.854401 
U348                      ND3ABSVTX8      CORE90GPSVT     16.464001 
U349                      MUX21NSVTX6     CORE90GPSVT     21.952000 
U350                      AO4SVTX8        CORE90GPSVT     25.244801 
U351                      CTBUFSVTX8      CORX90GPSVT     10.976000 
U352                      IVSVTX12        CORE90GPSVT     10.976000 
U353                      NR3ABSVTX8      CORE90GPSVT     17.561600 
U354                      IVSVTX10        CORE90GPSVT     8.780800  
U355                      AO6ABSVTX8      CORE90GPSVT     16.464001 
U356                      IVSVTX8         CORE90GPSVT     7.683200  
U357                      IVSVTX8         CORE90GPSVT     7.683200  
U358                      ND2SVTX6        CORE90GPSVT     8.780800  
U359                      IVSVTX10        CORE90GPSVT     8.780800  
U360                      IVSVTX8         CORE90GPSVT     7.683200  
U361                      ND2SVTX4        CORE90GPSVT     6.585600  
U362                      AO7SVTX6        CORE90GPSVT     15.366400 
U363                      IVSVTX8         CORE90GPSVT     7.683200  
U364                      IVSVTX6         CORE90GPSVT     6.585600  
U365                      IVSVTX8         CORE90GPSVT     7.683200  
U366                      IVSVTX4         CORE90GPSVT     4.390400  
U367                      ND3ABSVTX8      CORE90GPSVT     16.464001 
U368                      IVSVTX6         CORE90GPSVT     6.585600  
U369                      ND2SVTX4        CORE90GPSVT     6.585600  
U370                      ND3SVTX6        CORE90GPSVT     12.073600 
U371                      AO7ABSVTX4      CORE90GPSVT     10.976000 
U372                      NR2SVTX4        CORE90GPSVT     6.585600  
U373                      IVSVTX4         CORE90GPSVT     4.390400  
U374                      ND2SVTX6        CORE90GPSVT     8.780800  
U375                      NR3SVTX8        CORE90GPSVT     15.366400 
U376                      NR2SVTX4        CORE90GPSVT     6.585600  
U377                      IVSVTX4         CORE90GPSVT     4.390400  
U378                      NR2SVTX4        CORE90GPSVT     6.585600  
U379                      AO4SVTX8        CORE90GPSVT     25.244801 
U380                      ND2SVTX4        CORE90GPSVT     6.585600  
U381                      OR2SVTX4        CORE90GPSVT     7.683200  
U382                      ND2SVTX4        CORE90GPSVT     6.585600  
U383                      AO7ABSVTX6      CORE90GPSVT     16.464001 
U384                      IVSVTX4         CORE90GPSVT     4.390400  
U385                      IVSVTX10        CORE90GPSVT     8.780800  
U386                      IVSVTX4         CORE90GPSVT     4.390400  
U387                      ND2SVTX4        CORE90GPSVT     6.585600  
U388                      F_ND2ASVTX2     CORX90GPSVT     5.488000  
U389                      IVSVTX2         CORE90GPSVT     3.292800  
U390                      IVSVTX2         CORE90GPSVT     3.292800  
U391                      CTIVSVTX8       CORX90GPSVT     7.683200  
U392                      AN2SVTX4        CORE90GPSVT     7.683200  
U393                      IVSVTX4         CORE90GPSVT     4.390400  
U394                      AN2SVTX4        CORE90GPSVT     7.683200  
U395                      ND2SVTX4        CORE90GPSVT     6.585600  
U396                      IVSVTX12        CORE90GPSVT     10.976000 
U397                      IVSVTX4         CORE90GPSVT     4.390400  
U398                      ND3ABSVTX6      CORE90GPSVT     15.366400 
U399                      IVSVTX8         CORE90GPSVT     7.683200  
U400                      ND4SVTX8        CORE90GPSVT     19.756800 
U401                      ND3SVTX8        CORE90GPSVT     15.366400 
U402                      ND4SVTX8        CORE90GPSVT     19.756800 
U403                      AO7SVTX4        CORE90GPSVT     10.976000 
U404                      ND2SVTX6        CORE90GPSVT     8.780800  
U405                      CTBUFSVTX4      CORX90GPSVT     6.585600  
U406                      ND2ASVTX4       CORE90GPSVT     8.780800  
U407                      AO7ABSVTX2      CORE90GPSVT     6.585600  
U408                      F_ND2SVTX1      CORX90GPSVT     4.390400  
U409                      NR2SVTX2        CORE90GPSVT     4.390400  
U410                      NR2SVTX2        CORE90GPSVT     4.390400  
U411                      AN2SVTX4        CORE90GPSVT     7.683200  
U412                      NR2SVTX2        CORE90GPSVT     4.390400  
U413                      AO3SVTX2        CORE90GPSVT     7.683200  
U414                      AO7SVTX4        CORE90GPSVT     10.976000 
U415                      IVSVTX8         CORE90GPSVT     7.683200  
U416                      F_ND2ASVTX2     CORX90GPSVT     5.488000  
U417                      IVSVTX12        CORE90GPSVT     10.976000 
U418                      NR2SVTX6        CORE90GPSVT     8.780800  
U419                      CTIVSVTX4       CORX90GPSVT     4.390400  
U420                      CTIVSVTX2       CORX90GPSVT     3.292800  
U421                      AO7SVTX2        CORE90GPSVT     6.585600  
U422                      IVSVTX4         CORE90GPSVT     4.390400  
U423                      AO1ASVTX4       CORE90GPSVT     15.366400 
U424                      IVSVTX12        CORE90GPSVT     10.976000 
U425                      IVSVTX2         CORE90GPSVT     3.292800  
U426                      NR2SVTX2        CORE90GPSVT     4.390400  
U427                      NR2SVTX6        CORE90GPSVT     8.780800  
U428                      AO7SVTX4        CORE90GPSVT     10.976000 
U429                      ND2ASVTX4       CORE90GPSVT     8.780800  
U430                      IVSVTX2         CORE90GPSVT     3.292800  
U431                      CTBUFSVTX2      CORX90GPSVT     4.390400  
U432                      AO7SVTX4        CORE90GPSVT     10.976000 
U433                      NR2SVTX6        CORE90GPSVT     8.780800  
U434                      ND3ABSVTX4      CORE90GPSVT     9.878400  
U435                      IVSVTX4         CORE90GPSVT     4.390400  
U436                      IVSVTX8         CORE90GPSVT     7.683200  
U437                      IVSVTX4         CORE90GPSVT     4.390400  
U438                      AO7SVTX4        CORE90GPSVT     10.976000 
U439                      F_ND2ASVTX2     CORX90GPSVT     5.488000  
U440                      AO7SVTX6        CORE90GPSVT     15.366400 
U441                      ND2ASVTX6       CORE90GPSVT     12.073600 
U442                      IVSVTX4         CORE90GPSVT     4.390400  
U443                      AO7NSVTX4       CORE90GPSVT     9.878400  
U444                      ND2ASVTX4       CORE90GPSVT     8.780800  
U445                      IVSVTX2         CORE90GPSVT     3.292800  
U446                      AO7ASVTX6       CORE90GPSVT     16.464001 
U447                      NR3ABSVTX6      CORE90GPSVT     14.268800 
U448                      NR2ASVTX4       CORE90GPSVT     8.780800  
U449                      B_ND2SVTX2      CORX90GPSVT     4.390400  
U450                      ND3ASVTX2       CORE90GPSVT     7.683200  
U451                      CTIVSVTX4       CORX90GPSVT     4.390400  
U452                      IVSVTX8         CORE90GPSVT     7.683200  
U453                      ND3SVTX4        CORE90GPSVT     8.780800  
U454                      NR2SVTX2        CORE90GPSVT     4.390400  
U455                      IVSVTX4         CORE90GPSVT     4.390400  
U456                      NR3ABSVTX6      CORE90GPSVT     14.268800 
U457                      NR2SVTX6        CORE90GPSVT     8.780800  
U458                      CTBUFSVTX4      CORX90GPSVT     6.585600  
U459                      NR2SVTX4        CORE90GPSVT     6.585600  
U460                      IVSVTX6         CORE90GPSVT     6.585600  
U461                      CTBUFSVTX2      CORX90GPSVT     4.390400  
U462                      IVSVTX4         CORE90GPSVT     4.390400  
U463                      AO7SVTX8        CORE90GPSVT     19.756800 
U464                      AO7SVTX8        CORE90GPSVT     19.756800 
U465                      NR3SVTX6        CORE90GPSVT     12.073600 
U466                      ND2SVTX6        CORE90GPSVT     8.780800  
U467                      ND3SVTX4        CORE90GPSVT     8.780800  
U468                      AO7SVTX6        CORE90GPSVT     15.366400 
U469                      IVSVTX2         CORE90GPSVT     3.292800  
U470                      IVSVTX6         CORE90GPSVT     6.585600  
U471                      IVSVTX2         CORE90GPSVT     3.292800  
U472                      ND2SVTX4        CORE90GPSVT     6.585600  
U473                      IVSVTX2         CORE90GPSVT     3.292800  
U474                      AO7SVTX4        CORE90GPSVT     10.976000 
U475                      ND3SVTX4        CORE90GPSVT     8.780800  
U476                      AO7SVTX6        CORE90GPSVT     15.366400 
U477                      IVSVTX12        CORE90GPSVT     10.976000 
U478                      NR2SVTX2        CORE90GPSVT     4.390400  
U479                      ND2SVTX6        CORE90GPSVT     8.780800  
U480                      BFSVTX2         CORE90GPSVT     4.390400  
U481                      ND2ASVTX8       CORE90GPSVT     13.171200 
U482                      OR2SVTX4        CORE90GPSVT     7.683200  
U483                      AO7SVTX4        CORE90GPSVT     10.976000 
U484                      IVSVTX8         CORE90GPSVT     7.683200  
U485                      IVSVTX2         CORE90GPSVT     3.292800  
U486                      B_ND2SVTX2      CORX90GPSVT     4.390400  
U487                      ND2SVTX4        CORE90GPSVT     6.585600  
U488                      NR2SVTX6        CORE90GPSVT     8.780800  
U489                      IVSVTX8         CORE90GPSVT     7.683200  
U490                      B_ND2SVTX2      CORX90GPSVT     4.390400  
U491                      IVSVTX4         CORE90GPSVT     4.390400  
U492                      NR2SVTX4        CORE90GPSVT     6.585600  
U493                      ND2SVTX4        CORE90GPSVT     6.585600  
U494                      B_ND2SVTX2      CORX90GPSVT     4.390400  
U495                      NR2SVTX4        CORE90GPSVT     6.585600  
U496                      NR3SVTX4        CORE90GPSVT     8.780800  
U497                      NR2SVTX6        CORE90GPSVT     8.780800  
U498                      CTIVSVTX2       CORX90GPSVT     3.292800  
U499                      NR2SVTX4        CORE90GPSVT     6.585600  
U500                      CTBUFSVTX12     CORX90GPSVT     14.268800 
U501                      NR2SVTX4        CORE90GPSVT     6.585600  
U502                      NR2SVTX6        CORE90GPSVT     8.780800  
U503                      IVSVTX4         CORE90GPSVT     4.390400  
U504                      CTIVSVTX4       CORX90GPSVT     4.390400  
U505                      ND3ABSVTX8      CORE90GPSVT     16.464001 
U506                      NR2SVTX4        CORE90GPSVT     6.585600  
U507                      CTBUFSVTX8      CORX90GPSVT     10.976000 
U508                      AO2SVTX8        CORE90GPSVT     25.244801 
U509                      AO7ABSVTX8      CORE90GPSVT     17.561600 
U510                      ND2SVTX4        CORE90GPSVT     6.585600  
U511                      AO2SVTX8        CORE90GPSVT     25.244801 
U512                      IVSVTX6         CORE90GPSVT     6.585600  
U513                      ND3SVTX8        CORE90GPSVT     15.366400 
U514                      NR2SVTX6        CORE90GPSVT     8.780800  
U515                      ND2SVTX6        CORE90GPSVT     8.780800  
U516                      ND2SVTX8        CORE90GPSVT     12.073600 
U517                      ND2SVTX6        CORE90GPSVT     8.780800  
U518                      IVSVTX4         CORE90GPSVT     4.390400  
U519                      AO2SVTX6        CORE90GPSVT     19.756800 
U520                      IVSVTX12        CORE90GPSVT     10.976000 
U521                      NR2SVTX4        CORE90GPSVT     6.585600  
U522                      ND2SVTX4        CORE90GPSVT     6.585600  
U523                      OR2ABSVTX8      CORE90GPSVT     12.073600 
U524                      ND3ASVTX6       CORE90GPSVT     14.268800 
U525                      ND2ASVTX8       CORE90GPSVT     13.171200 
U526                      IVSVTX4         CORE90GPSVT     4.390400  
U527                      ND2SVTX2        CORE90GPSVT     4.390400  
U528                      ND2SVTX4        CORE90GPSVT     6.585600  
U529                      ND2SVTX4        CORE90GPSVT     6.585600  
U530                      ND2SVTX4        CORE90GPSVT     6.585600  
U531                      NR3ABSVTX2      CORE90GPSVT     6.585600  
U532                      ND3SVTX8        CORE90GPSVT     15.366400 
U533                      BFSVTX2         CORE90GPSVT     4.390400  
U534                      NR2ASVTX6       CORE90GPSVT     10.976000 
U535                      ND2SVTX2        CORE90GPSVT     4.390400  
U536                      AN2SVTX4        CORE90GPSVT     7.683200  
U537                      AO7SVTX6        CORE90GPSVT     15.366400 
U538                      IVSVTX12        CORE90GPSVT     10.976000 
U539                      ND2ASVTX8       CORE90GPSVT     13.171200 
U540                      IVSVTX8         CORE90GPSVT     7.683200  
U541                      BFSVTX4         CORE90GPSVT     6.585600  
U542                      ND3SVTX6        CORE90GPSVT     12.073600 
U543                      NR3ASVTX6       CORE90GPSVT     13.171200 
U544                      NR2SVTX4        CORE90GPSVT     6.585600  
U545                      NR4SVTX8        CORE90GPSVT     20.854401 
U546                      ND2SVTX4        CORE90GPSVT     6.585600  
U547                      AO7SVTX8        CORE90GPSVT     19.756800 
U548                      IVSVTX6         CORE90GPSVT     6.585600  
U549                      AO4SVTX8        CORE90GPSVT     25.244801 
U550                      ND3SVTX8        CORE90GPSVT     15.366400 
U551                      ND2SVTX6        CORE90GPSVT     8.780800  
U552                      ND3ASVTX8       CORE90GPSVT     17.561600 
U553                      BFSVTX1         CORE90GPSVT     4.390400  
U554                      ND2SVTX4        CORE90GPSVT     6.585600  
U555                      IVSVTX6         CORE90GPSVT     6.585600  
U556                      ND3SVTX8        CORE90GPSVT     15.366400 
U557                      ND2ASVTX8       CORE90GPSVT     13.171200 
U558                      IVSVTX4         CORE90GPSVT     4.390400  
U559                      ND3ASVTX6       CORE90GPSVT     14.268800 
U560                      ND2SVTX4        CORE90GPSVT     6.585600  
U561                      AO7SVTX8        CORE90GPSVT     19.756800 
U562                      NR2SVTX4        CORE90GPSVT     6.585600  
U563                      ND2SVTX4        CORE90GPSVT     6.585600  
U564                      IVSVTX4         CORE90GPSVT     4.390400  
U565                      AO8DSVTX6       CORE90GPSVT     20.854401 
U566                      ND3ABSVTX8      CORE90GPSVT     16.464001 
U567                      MUX21NSVTX4     CORE90GPSVT     16.464001 
U568                      ND2SVTX4        CORE90GPSVT     6.585600  
U569                      NR2ASVTX6       CORE90GPSVT     10.976000 
U570                      AO7SVTX6        CORE90GPSVT     15.366400 
U571                      IVSVTX4         CORE90GPSVT     4.390400  
U572                      ND2ASVTX8       CORE90GPSVT     13.171200 
U573                      NR2ASVTX6       CORE90GPSVT     10.976000 
U574                      AO7ABSVTX6      CORE90GPSVT     16.464001 
U575                      NR3ABSVTX8      CORE90GPSVT     17.561600 
U576                      BFSVTX2         CORE90GPSVT     4.390400  
U577                      AO17SVTX6       CORE90GPSVT     17.561600 
U578                      IVSVTX2         CORE90GPSVT     3.292800  
U579                      ND2ASVTX8       CORE90GPSVT     13.171200 
U580                      NR3ABSVTX2      CORE90GPSVT     6.585600  
U581                      AO7ASVTX6       CORE90GPSVT     16.464001 
U582                      OR2SVTX8        CORE90GPSVT     13.171200 
U583                      ND4ABSVTX4      CORE90GPSVT     12.073600 
U584                      IVSVTX4         CORE90GPSVT     4.390400  
U585                      MUX21NSVTX6     CORE90GPSVT     21.952000 
U586                      ND2ASVTX8       CORE90GPSVT     13.171200 
U587                      ND2SVTX8        CORE90GPSVT     12.073600 
U588                      NR2SVTX8        CORE90GPSVT     12.073600 
U589                      MUX21NSVTX8     CORE90GPSVT     29.635201 
U590                      ND3ASVTX8       CORE90GPSVT     17.561600 
U591                      IVSVTX4         CORE90GPSVT     4.390400  
U592                      NR2SVTX4        CORE90GPSVT     6.585600  
U593                      NR2SVTX6        CORE90GPSVT     8.780800  
U594                      NR2SVTX6        CORE90GPSVT     8.780800  
U595                      ND3ASVTX6       CORE90GPSVT     14.268800 
U596                      NR2SVTX8        CORE90GPSVT     12.073600 
U597                      NR2SVTX6        CORE90GPSVT     8.780800  
U598                      NR2ASVTX6       CORE90GPSVT     10.976000 
U599                      AO7ABSVTX8      CORE90GPSVT     17.561600 
U600                      NR2SVTX6        CORE90GPSVT     8.780800  
U601                      ND2SVTX8        CORE90GPSVT     12.073600 
U602                      ND4SVTX4        CORE90GPSVT     10.976000 
U603                      ND2ASVTX8       CORE90GPSVT     13.171200 
U604                      ND2SVTX6        CORE90GPSVT     8.780800  
U605                      AO4SVTX6        CORE90GPSVT     19.756800 
U606                      ND4SVTX6        CORE90GPSVT     15.366400 
U607                      NR2SVTX8        CORE90GPSVT     12.073600 
U608                      NR2SVTX8        CORE90GPSVT     12.073600 
U609                      AO2SVTX8        CORE90GPSVT     25.244801 
U610                      ND2SVTX4        CORE90GPSVT     6.585600  
U611                      NR2SVTX6        CORE90GPSVT     8.780800  
U612                      ND3ABSVTX8      CORE90GPSVT     16.464001 
U613                      IVSVTX12        CORE90GPSVT     10.976000 
U614                      ND2SVTX8        CORE90GPSVT     12.073600 
U615                      AO7ABSVTX8      CORE90GPSVT     17.561600 
U616                      ND3SVTX8        CORE90GPSVT     15.366400 
U617                      ND2SVTX8        CORE90GPSVT     12.073600 
U618                      IVSVTX12        CORE90GPSVT     10.976000 
U619                      ND2SVTX4        CORE90GPSVT     6.585600  
U620                      IVSVTX4         CORE90GPSVT     4.390400  
U621                      MUX21NSVTX8     CORE90GPSVT     29.635201 
U622                      ND2SVTX4        CORE90GPSVT     6.585600  
U623                      IVSVTX4         CORE90GPSVT     4.390400  
U624                      ND2ASVTX8       CORE90GPSVT     13.171200 
U625                      IVSVTX4         CORE90GPSVT     4.390400  
U626                      MUX21NSVTX8     CORE90GPSVT     29.635201 
U627                      NR2SVTX8        CORE90GPSVT     12.073600 
U628                      ND2SVTX8        CORE90GPSVT     12.073600 
U629                      ND2SVTX4        CORE90GPSVT     6.585600  
U630                      AO21SVTX8       CORE90GPSVT     20.854401 
U631                      NR2SVTX4        CORE90GPSVT     6.585600  
U632                      ND2SVTX4        CORE90GPSVT     6.585600  
U633                      ND2SVTX8        CORE90GPSVT     12.073600 
U634                      NR2SVTX6        CORE90GPSVT     8.780800  
U635                      AO1ABSVTX6      CORX90GPSVT     16.464001 
U636                      AO6SVTX6        CORE90GPSVT     15.366400 
U637                      MUX21NSVTX8     CORE90GPSVT     29.635201 
U638                      ND2SVTX4        CORE90GPSVT     6.585600  
U639                      IVSVTX12        CORE90GPSVT     10.976000 
U640                      ND2ASVTX8       CORE90GPSVT     13.171200 
U641                      MUX21NSVTX8     CORE90GPSVT     29.635201 
U642                      AO2SVTX8        CORE90GPSVT     25.244801 
U643                      ND2SVTX6        CORE90GPSVT     8.780800  
U644                      NR3SVTX8        CORE90GPSVT     15.366400 
U645                      NR2SVTX4        CORE90GPSVT     6.585600  
U646                      ND2ASVTX8       CORE90GPSVT     13.171200 
U647                      ND3ASVTX6       CORE90GPSVT     14.268800 
U648                      IVSVTX4         CORE90GPSVT     4.390400  
U649                      ND2SVTX4        CORE90GPSVT     6.585600  
U650                      ND2ASVTX8       CORE90GPSVT     13.171200 
U651                      ND2SVTX6        CORE90GPSVT     8.780800  
U652                      AO7SVTX6        CORE90GPSVT     15.366400 
U653                      ND3SVTX8        CORE90GPSVT     15.366400 
U654                      ND2SVTX4        CORE90GPSVT     6.585600  
U655                      ND2SVTX4        CORE90GPSVT     6.585600  
U656                      IVSVTX4         CORE90GPSVT     4.390400  
U657                      ND2SVTX4        CORE90GPSVT     6.585600  
U658                      ND2SVTX4        CORE90GPSVT     6.585600  
U659                      AO2SVTX6        CORE90GPSVT     19.756800 
U660                      ND2SVTX4        CORE90GPSVT     6.585600  
U661                      NR2SVTX8        CORE90GPSVT     12.073600 
U662                      MUX21NSVTX8     CORE90GPSVT     29.635201 
U663                      NR2SVTX8        CORE90GPSVT     12.073600 
U664                      ND3SVTX8        CORE90GPSVT     15.366400 
U665                      ND4ABSVTX8      CORE90GPSVT     20.854401 
U666                      NR3ABSVTX8      CORE90GPSVT     17.561600 
U667                      NR2SVTX4        CORE90GPSVT     6.585600  
U668                      ND2SVTX6        CORE90GPSVT     8.780800  
U669                      ND2SVTX4        CORE90GPSVT     6.585600  
U670                      ND3ABSVTX8      CORE90GPSVT     16.464001 
U671                      NR2ASVTX6       CORE90GPSVT     10.976000 
U672                      AO6SVTX2        CORE90GPSVT     6.585600  
U673                      IVSVTX4         CORE90GPSVT     4.390400  
U674                      IVSVTX12        CORE90GPSVT     10.976000 
U675                      NR2SVTX8        CORE90GPSVT     12.073600 
U676                      ND2SVTX6        CORE90GPSVT     8.780800  
U677                      ND2SVTX4        CORE90GPSVT     6.585600  
U678                      AO2SVTX4        CORE90GPSVT     14.268800 
U679                      NR2SVTX6        CORE90GPSVT     8.780800  
U680                      NR3SVTX8        CORE90GPSVT     15.366400 
U681                      NR2SVTX6        CORE90GPSVT     8.780800  
U682                      MUX21NSVTX4     CORE90GPSVT     16.464001 
U683                      NR2ASVTX6       CORE90GPSVT     10.976000 
U684                      ND3ABSVTX8      CORE90GPSVT     16.464001 
U685                      MUX21NSVTX8     CORE90GPSVT     29.635201 
U686                      MUX21NSVTX8     CORE90GPSVT     29.635201 
U687                      IVSVTX4         CORE90GPSVT     4.390400  
U688                      ND3SVTX6        CORE90GPSVT     12.073600 
U689                      IVSVTX4         CORE90GPSVT     4.390400  
U690                      IVSVTX4         CORE90GPSVT     4.390400  
U691                      NR2ASVTX6       CORE90GPSVT     10.976000 
U692                      ND2SVTX4        CORE90GPSVT     6.585600  
U693                      NR2SVTX4        CORE90GPSVT     6.585600  
U694                      NR2SVTX4        CORE90GPSVT     6.585600  
U695                      NR2SVTX8        CORE90GPSVT     12.073600 
U696                      NR2SVTX6        CORE90GPSVT     8.780800  
U697                      AO6SVTX8        CORE90GPSVT     19.756800 
U698                      IVSVTX4         CORE90GPSVT     4.390400  
U699                      ND2SVTX4        CORE90GPSVT     6.585600  
U700                      AO20SVTX8       CORE90GPSVT     21.952000 
U701                      OR2SVTX8        CORE90GPSVT     13.171200 
U702                      NR2SVTX4        CORE90GPSVT     6.585600  
U703                      NR2SVTX4        CORE90GPSVT     6.585600  
U704                      NR2SVTX6        CORE90GPSVT     8.780800  
U705                      IVSVTX4         CORE90GPSVT     4.390400  
U706                      IVSVTX4         CORE90GPSVT     4.390400  
U707                      ND2SVTX4        CORE90GPSVT     6.585600  
U708                      MUX21SVTX4      CORE90GPSVT     13.171200 
U709                      AO2SVTX6        CORE90GPSVT     19.756800 
U710                      NR2SVTX4        CORE90GPSVT     6.585600  
U711                      NR4SVTX8        CORE90GPSVT     20.854401 
U712                      AO7SVTX6        CORE90GPSVT     15.366400 
U713                      IVSVTX4         CORE90GPSVT     4.390400  
U714                      ND2SVTX4        CORE90GPSVT     6.585600  
U715                      ND2SVTX4        CORE90GPSVT     6.585600  
U716                      NR2SVTX2        CORE90GPSVT     4.390400  
U717                      ND2SVTX4        CORE90GPSVT     6.585600  
U718                      AO7SVTX6        CORE90GPSVT     15.366400 
U719                      NR2ASVTX2       CORE90GPSVT     5.488000  
U720                      ND3ABSVTX6      CORE90GPSVT     15.366400 
U721                      ND3SVTX4        CORE90GPSVT     8.780800  
U722                      MUX21NSVTX8     CORE90GPSVT     29.635201 
U723                      NR2ASVTX2       CORE90GPSVT     5.488000  
U724                      AO2SVTX2        CORE90GPSVT     7.683200  
U725                      IVSVTX12        CORE90GPSVT     10.976000 
U726                      AN2SVTX4        CORE90GPSVT     7.683200  
U727                      ND2ASVTX1       CORE90GPSVT     5.488000  
U728                      AO7SVTX8        CORE90GPSVT     19.756800 
U729                      AO7ABSVTX4      CORE90GPSVT     10.976000 
U730                      ND2SVTX2        CORE90GPSVT     4.390400  
U731                      IVSVTX2         CORE90GPSVT     3.292800  
U732                      IVSVTX2         CORE90GPSVT     3.292800  
U733                      NR3SVTX2        CORE90GPSVT     5.488000  
U734                      AN2ABSVTX8      CORE90GPSVT     12.073600 
U735                      IVSVTX12        CORE90GPSVT     10.976000 
U736                      AO6ASVTX8       CORE90GPSVT     21.952000 
U737                      ND2SVTX4        CORE90GPSVT     6.585600  
U738                      MUX21NSVTX6     CORE90GPSVT     21.952000 
U739                      ND3ASVTX4       CORE90GPSVT     12.073600 
U740                      IVSVTX4         CORE90GPSVT     4.390400  
U741                      IVSVTX4         CORE90GPSVT     4.390400  
U742                      IVSVTX4         CORE90GPSVT     4.390400  
U743                      NR2SVTX2        CORE90GPSVT     4.390400  
U744                      AO7SVTX6        CORE90GPSVT     15.366400 
U745                      ND2SVTX4        CORE90GPSVT     6.585600  
U746                      NR2ASVTX2       CORE90GPSVT     5.488000  
U747                      ND2SVTX4        CORE90GPSVT     6.585600  
U748                      NR2ASVTX6       CORE90GPSVT     10.976000 
U749                      ND2ASVTX8       CORE90GPSVT     13.171200 
U750                      IVSVTX10        CORE90GPSVT     8.780800  
U751                      NR2SVTX2        CORE90GPSVT     4.390400  
U752                      AO6CSVTX2       CORE90GPSVT     7.683200  
U753                      AO2ABSVTX4      CORX90GPSVT     13.171200 
U754                      AO2SVTX4        CORE90GPSVT     14.268800 
U755                      ND2SVTX2        CORE90GPSVT     4.390400  
U756                      AN2SVTX0H       CORX90GPSVT     5.488000  
U757                      IVSVTX2         CORE90GPSVT     3.292800  
U758                      AN2SVTX0H       CORX90GPSVT     5.488000  
U759                      AO7SVTX2        CORE90GPSVT     6.585600  
U760                      ND2SVTX8        CORE90GPSVT     12.073600 
U761                      IVSVTX4         CORE90GPSVT     4.390400  
U762                      BFSVTX6         CORE90GPSVT     7.683200  
U763                      IVSVTX4         CORE90GPSVT     4.390400  
U764                      ND2SVTX4        CORE90GPSVT     6.585600  
U765                      NR2SVTX4        CORE90GPSVT     6.585600  
U766                      IVSVTX0H        CORE90GPSVT     2.195200  
U767                      ND2SVTX4        CORE90GPSVT     6.585600  
U768                      NR2ASVTX2       CORE90GPSVT     5.488000  
U769                      ND2SVTX4        CORE90GPSVT     6.585600  
U770                      AO7SVTX2        CORE90GPSVT     6.585600  
U771                      IVSVTX4         CORE90GPSVT     4.390400  
U772                      IVSVTX0H        CORE90GPSVT     2.195200  
U773                      AO7SVTX2        CORE90GPSVT     6.585600  
U774                      AO6ABSVTX4      CORE90GPSVT     10.976000 
U775                      NR2SVTX8        CORE90GPSVT     12.073600 
U776                      AO7ABSVTX4      CORE90GPSVT     10.976000 
U777                      NR2SVTX8        CORE90GPSVT     12.073600 
U778                      AO20SVTX4       CORE90GPSVT     12.073600 
U779                      NR2SVTX2        CORE90GPSVT     4.390400  
U780                      NR2ASVTX1       CORE90GPSVT     4.390400  
U781                      NR3SVTX8        CORE90GPSVT     15.366400 
U782                      AO7SVTX4        CORE90GPSVT     10.976000 
U783                      NR2ASVTX2       CORE90GPSVT     5.488000  
U784                      NR2ASVTX1       CORE90GPSVT     4.390400  
U785                      IVSVTX2         CORE90GPSVT     3.292800  
U786                      IVSVTX4         CORE90GPSVT     4.390400  
U787                      AO2ASVTX8       CORE90GPSVT     27.440001 
U788                      IVSVTX12        CORE90GPSVT     10.976000 
re_map                    remap                           16402.534204
                                                                    h
--------------------------------------------------------------------------------
Total 590 cells                                           22130.908557
1
