1
 
****************************************
Report : area
Design : m_rangemapping
Version: J-2014.09-SP2
Date   : Sun Apr 17 16:33:29 2022
****************************************

Library(s) Used:

    CORE90GPSVT (File: /net/vlsiapp/usr6/library/STM/cmos090/CORE90GPSVT_SNPS-AVT_2.1/SNPS/bc_1.10V_m40C_wc_0.90V_125C/PHS/CORE90GPSVT_Worst.db)
    CORX90GPSVT (File: /net/vlsiapp/usr6/library/STM/cmos090/CORX90GPSVT_SNPS-AVT_4.1/SNPS/bc_1.10V_m40C_wc_0.90V_125C/PHS/CORX90GPSVT_Worst.db)

Number of ports:                           64
Number of nets:                           774
Number of cells:                          727
Number of combinational cells:            727
Number of sequential cells:                 0
Number of macros/black boxes:               0
Number of buf/inv:                        170
Number of references:                     108

Combinational area:               4642.847939
Buf/Inv area:                      530.140792
Noncombinational area:               0.000000
Macro/Black Box area:                0.000000
Net Interconnect area:      undefined  (Wire load has zero net area)

Total cell area:                  4642.847939
Total area:                 undefined
1
 
****************************************
Report : design
Design : m_rangemapping
Version: J-2014.09-SP2
Date   : Sun Apr 17 16:33:29 2022
****************************************

Design allows ideal nets on clock nets.

Library(s) Used:

    CORE90GPSVT (File: /net/vlsiapp/usr6/library/STM/cmos090/CORE90GPSVT_SNPS-AVT_2.1/SNPS/bc_1.10V_m40C_wc_0.90V_125C/PHS/CORE90GPSVT_Worst.db)
    CORX90GPSVT (File: /net/vlsiapp/usr6/library/STM/cmos090/CORX90GPSVT_SNPS-AVT_4.1/SNPS/bc_1.10V_m40C_wc_0.90V_125C/PHS/CORX90GPSVT_Worst.db)

Local Link Library:

    {/net/vlsiapp/usr6/library/STM/cmos090/CORE90GPSVT_SNPS-AVT_2.1/SNPS//bc_1.10V_m40C_wc_0.90V_125C/PHS/CORE90GPSVT_Worst.db, /net/vlsiapp/usr6/library/STM/cmos090/PR90M7_SNPS-AVT_2.1/SNPS//bc_1.10V_m40C_wc_0.90V_125C/PHS/PR90M7_Worst.db, /net/vlsiapp/usr6/library/STM/cmos090/CORX90GPSVT_SNPS-AVT_4.1/SNPS//bc_1.10V_m40C_wc_0.90V_125C/PHS/CORX90GPSVT_Worst.db}

Flip-Flop Types:

    No flip-flop types specified.

Latch Types:

    No latch types specified.

Operating Conditions:


    Operating Condition Name : Worst
    Library : CORE90GPSVT
    Process :   1.20
    Temperature : 125.00
    Voltage :   0.90
    Interconnect Model : balanced_tree

Wire Loading Model:

    Selected automatically from the total cell area.

Name           :   area_4Kto5K
Location       :   CORE90GPSVT
Resistance     :   1.94119
Capacitance    :   1
Area           :   0
Slope          :   0.0019456
Fanout   Length   Points Average Cap Std Deviation
--------------------------------------------------------------
     1     0.00
     2     0.00
     3     0.01
     4     0.01
     5     0.01
     6     0.01
     7     0.01
     8     0.02
     9     0.02
    10     0.02
    11     0.02
    12     0.02
    13     0.03
    14     0.03
    15     0.03



Wire Loading Model Mode: enclosed.

Timing Ranges:

    No timing ranges specified.

Pin Input Delays:

    None specified.

Pin Output Delays:

    None specified.

Disabled Timing Arcs:

    No arcs disabled.

Required Licenses:

    DesignWare

Design Parameters:

    None specified.
1
 
****************************************
Report : constraint
        -all_violators
        -verbose
Design : m_rangemapping
Version: J-2014.09-SP2
Date   : Sun Apr 17 16:33:29 2022
****************************************


    Design: m_rangemapping

    max_area               0.00
  - Current Area        4642.85
  ------------------------------
    Slack              -4642.85  (VIOLATED)


    Design: m_rangemapping

    max_leakage_power          0.00
  - Current Leakage Power  947057600.00
  ----------------------------------
    Slack                  -947057600.00  (VIOLATED)


1
 
****************************************
Report : timing
        -path end
        -delay max
Design : m_rangemapping
Version: J-2014.09-SP2
Date   : Sun Apr 17 16:33:30 2022
****************************************

Operating Conditions: Worst   Library: CORE90GPSVT
Wire Load Model Mode: enclosed

Endpoint                         Path Delay     Path Required     Slack
------------------------------------------------------------------------
O[26] (out)                         4.24 f            4.25         0.01
O[20] (out)                         4.23 r            4.25         0.02
O[22] (out)                         4.22 f            4.25         0.03
O[25] (out)                         4.22 f            4.25         0.03
O[23] (out)                         4.19 r            4.25         0.06
O[24] (out)                         4.17 f            4.25         0.08
O[21] (out)                         4.17 r            4.25         0.08
O[18] (out)                         4.13 r            4.25         0.12
O[19] (out)                         4.04 r            4.25         0.21
O[17] (out)                         3.87 r            4.25         0.38
O[8] (out)                          3.45 r            4.25         0.80
O[13] (out)                         3.45 r            4.25         0.80
O[11] (out)                         3.43 r            4.25         0.82
O[10] (out)                         3.43 r            4.25         0.82
O[15] (out)                         3.28 r            4.25         0.97
O[9] (out)                          3.28 r            4.25         0.97
O[7] (out)                          3.27 r            4.25         0.98
O[6] (out)                          3.23 r            4.25         1.02
O[4] (out)                          3.23 r            4.25         1.02
O[3] (out)                          3.23 r            4.25         1.02
O[5] (out)                          3.20 r            4.25         1.05
O[16] (out)                         3.20 r            4.25         1.05
O[12] (out)                         3.12 r            4.25         1.13
O[14] (out)                         3.12 r            4.25         1.13
O[2] (out)                          3.07 r            4.25         1.18
O[1] (out)                          3.04 r            4.25         1.21
O[0] (out)                          3.01 r            4.25         1.24
O[27] (out)                         1.23 f            4.25         3.02
O[28] (out)                         1.14 f            4.25         3.11
O[30] (out)                         1.08 f            4.25         3.17
O[29] (out)                         0.99 f            4.25         3.26
O[31] (out)                         0.82 f            4.25         3.43

1
 
****************************************
Report : power
        -analysis_effort low
Design : m_rangemapping
Version: J-2014.09-SP2
Date   : Sun Apr 17 16:33:30 2022
****************************************


Library(s) Used:

    CORE90GPSVT (File: /net/vlsiapp/usr6/library/STM/cmos090/CORE90GPSVT_SNPS-AVT_2.1/SNPS/bc_1.10V_m40C_wc_0.90V_125C/PHS/CORE90GPSVT_Worst.db)
    CORX90GPSVT (File: /net/vlsiapp/usr6/library/STM/cmos090/CORX90GPSVT_SNPS-AVT_4.1/SNPS/bc_1.10V_m40C_wc_0.90V_125C/PHS/CORX90GPSVT_Worst.db)


Operating Conditions: Worst   Library: CORE90GPSVT
Wire Load Model Mode: enclosed

Design        Wire Load Model            Library
------------------------------------------------
m_rangemapping         area_4Kto5K       CORE90GPSVT


Global Operating Voltage = 0.9  
Power-specific unit information :
    Voltage Units = 1V
    Capacitance Units = 1.000000pf
    Time Units = 1ns
    Dynamic Power Units = 1mW    (derived from V,C,T units)
    Leakage Power Units = 1pW


  Cell Internal Power  = 110.9758 uW   (46%)
  Net Switching Power  = 131.0326 uW   (54%)
                         ---------
Total Dynamic Power    = 242.0084 uW  (100%)

Cell Leakage Power     = 706.6135 uW

Information: report_power power group summary does not include estimated clock tree power. (PWR-789)

                 Internal         Switching           Leakage            Total
Power Group      Power            Power               Power              Power   (   %    )  Attrs
--------------------------------------------------------------------------------------------------
io_pad             0.0000            0.0000            0.0000            0.0000  (   0.00%)
memory             0.0000            0.0000            0.0000            0.0000  (   0.00%)
black_box          0.0000            0.0000            0.0000            0.0000  (   0.00%)
clock_network      0.0000            0.0000            0.0000            0.0000  (   0.00%)
register           0.0000            0.0000            0.0000            0.0000  (   0.00%)
sequential         0.0000            0.0000            0.0000            0.0000  (   0.00%)
combinational      0.1110            0.1310        7.0661e+08            0.9486  ( 100.00%)
--------------------------------------------------------------------------------------------------
Total              0.1110 mW         0.1310 mW     7.0661e+08 pW         0.9486 mW
1
 
****************************************
Report : qor
Design : m_rangemapping
Version: J-2014.09-SP2
Date   : Sun Apr 17 16:33:30 2022
****************************************


  Timing Path Group 'VCLK'
  -----------------------------------
  Levels of Logic:              43.00
  Critical Path Length:          3.74
  Critical Path Slack:           0.01
  Critical Path Clk Period:      5.00
  Total Negative Slack:          0.00
  No. of Violating Paths:        0.00
  Worst Hold Violation:          0.00
  Total Hold Violation:          0.00
  No. of Hold Violations:        0.00
  -----------------------------------


  Cell Count
  -----------------------------------
  Hierarchical Cell Count:          0
  Hierarchical Port Count:          0
  Leaf Cell Count:                727
  Buf/Inv Cell Count:             170
  Buf Cell Count:                   2
  Inv Cell Count:                 168
  CT Buf/Inv Cell Count:            0
  Combinational Cell Count:       727
  Sequential Cell Count:            0
  Macro Count:                      0
  -----------------------------------


  Area
  -----------------------------------
  Combinational Area:     4642.847939
  Noncombinational Area:     0.000000
  Buf/Inv Area:            530.140792
  Total Buffer Area:            17.56
  Total Inverter Area:         512.58
  Macro/Black Box Area:      0.000000
  Net Area:                  0.000000
  -----------------------------------
  Cell Area:              4642.847939
  Design Area:            4642.847939


  Design Rules
  -----------------------------------
  Total Number of Nets:           774
  Nets With Violations:             0
  Max Trans Violations:             0
  Max Cap Violations:               0
  -----------------------------------


  Hostname: icd2linux42

  Compile CPU Statistics
  -----------------------------------------
  Resource Sharing:                    0.45
  Logic Optimization:                  1.35
  Mapping Optimization:                3.51
  -----------------------------------------
  Overall Compile Time:               12.67
  Overall Compile Wall Clock Time:    14.61

  --------------------------------------------------------------------

  Design  WNS: 0.00  TNS: 0.00  Number of Violating Paths: 0


  Design (Hold)  WNS: 0.00  TNS: 0.00  Number of Violating Paths: 0

  --------------------------------------------------------------------


1
 
****************************************
Report : cell
Design : m_rangemapping
Version: J-2014.09-SP2
Date   : Sun Apr 17 16:33:30 2022
****************************************

Attributes:
    b - black box (unknown)
    h - hierarchical
    n - noncombinational
    r - removable
    u - contains unmapped logic

Cell                      Reference       Library             Area  Attributes
--------------------------------------------------------------------------------
U294                      ENSVTX1         CORE90GPSVT     8.780800  
U295                      EOSVTX0H        CORX90GPSVT     7.683200  
U296                      ENSVTX0H        CORX90GPSVT     6.585600  
U297                      EOSVTX0H        CORX90GPSVT     7.683200  
U298                      ENSVTX0H        CORX90GPSVT     6.585600  
U299                      IVSVTX0H        CORE90GPSVT     2.195200  
U300                      IVSVTX0H        CORE90GPSVT     2.195200  
U301                      IVSVTX0H        CORE90GPSVT     2.195200  
U302                      IVSVTX0H        CORE90GPSVT     2.195200  
U303                      IVSVTX0H        CORE90GPSVT     2.195200  
U304                      IVSVTX0H        CORE90GPSVT     2.195200  
U305                      IVSVTX0H        CORE90GPSVT     2.195200  
U306                      F_FA1SVTX1      CORX90GPSVT     16.464001 r
U307                      IVSVTX0H        CORE90GPSVT     2.195200  
U308                      FA1SVTX2        CORE90GPSVT     21.952000 r
U309                      F_FA1SVTX1      CORX90GPSVT     16.464001 r
U310                      NR2ASVTX1       CORE90GPSVT     4.390400  
U311                      F_FA1SVTX1      CORX90GPSVT     16.464001 r
U312                      AO7SVTX1        CORE90GPSVT     4.390400  
U313                      F_FA1SVTX1      CORX90GPSVT     16.464001 r
U314                      NR2ASVTX1       CORE90GPSVT     4.390400  
U315                      F_FA1SVTX1      CORX90GPSVT     16.464001 r
U316                      HA1SVTX1        CORE90GPSVT     9.878400  r
U317                      NR2ASVTX1       CORE90GPSVT     4.390400  
U318                      AO7SVTX1        CORE90GPSVT     4.390400  
U319                      F_FA1SVTX1      CORX90GPSVT     16.464001 r
U320                      IVSVTX2         CORE90GPSVT     3.292800  
U321                      F_FA1SVTX1      CORX90GPSVT     16.464001 r
U322                      F_IVSVTX1       CORX90GPSVT     3.292800  
U323                      AO2NSVTX1       CORE90GPSVT     7.683200  
U324                      IVSVTX0H        CORE90GPSVT     2.195200  
U325                      AO11NSVTX2      CORE90GPSVT     12.073600 
U326                      EOSVTX0H        CORX90GPSVT     7.683200  
U327                      EOSVTX0H        CORX90GPSVT     7.683200  
U328                      EOSVTX1         CORE90GPSVT     8.780800  
U329                      EOSVTX1         CORE90GPSVT     8.780800  
U330                      IVSVTX0H        CORE90GPSVT     2.195200  
U331                      AO6SVTX1        CORE90GPSVT     5.488000  
U332                      IVSVTX0H        CORE90GPSVT     2.195200  
U333                      IVSVTX0H        CORE90GPSVT     2.195200  
U334                      EOSVTX1         CORE90GPSVT     8.780800  
U335                      B_ND2SVTX2      CORX90GPSVT     4.390400  
U336                      EOSVTX1         CORE90GPSVT     8.780800  
U337                      AO7SVTX2        CORE90GPSVT     6.585600  
U338                      AO6SVTX1        CORE90GPSVT     5.488000  
U339                      AO2ASVTX1       CORE90GPSVT     7.683200  
U340                      IVSVTX0H        CORE90GPSVT     2.195200  
U341                      IVSVTX0H        CORE90GPSVT     2.195200  
U342                      IVSVTX0H        CORE90GPSVT     2.195200  
U343                      IVSVTX0H        CORE90GPSVT     2.195200  
U344                      AO11NSVTX2      CORE90GPSVT     12.073600 
U345                      IVSVTX2         CORE90GPSVT     3.292800  
U346                      AO6ABSVTX1      CORE90GPSVT     6.585600  
U347                      EOSVTX1         CORE90GPSVT     8.780800  
U348                      IVSVTX0H        CORE90GPSVT     2.195200  
U349                      EOSVTX0H        CORX90GPSVT     7.683200  
U350                      AO6ABSVTX1      CORE90GPSVT     6.585600  
U351                      IVSVTX0H        CORE90GPSVT     2.195200  
U352                      AO6SVTX1        CORE90GPSVT     5.488000  
U353                      EOSVTX1         CORE90GPSVT     8.780800  
U354                      BFSVTX8         CORE90GPSVT     9.878400  
U355                      AO6NSVTX2       CORE90GPSVT     7.683200  
U356                      AO11SVTX1       CORE90GPSVT     8.780800  
U357                      AO7SVTX1        CORE90GPSVT     4.390400  
U358                      OR2SVTX2        CORE90GPSVT     5.488000  
U359                      CTIVSVTX4       CORX90GPSVT     4.390400  
U360                      AO11SVTX1       CORE90GPSVT     8.780800  
U361                      B_ND2SVTX2      CORX90GPSVT     4.390400  
U362                      AO7CNSVTX4      CORX90GPSVT     9.878400  
U363                      IVSVTX0H        CORE90GPSVT     2.195200  
U364                      IVSVTX0H        CORE90GPSVT     2.195200  
U365                      AO6ABSVTX1      CORE90GPSVT     6.585600  
U366                      AO6ABSVTX1      CORE90GPSVT     6.585600  
U367                      IVSVTX0H        CORE90GPSVT     2.195200  
U368                      NR2ASVTX1       CORE90GPSVT     4.390400  
U369                      NR2ASVTX1       CORE90GPSVT     4.390400  
U370                      F_MUX21NSVTX1   CORX90GPSVT     7.683200  
U371                      IVSVTX0H        CORE90GPSVT     2.195200  
U372                      IVSVTX0H        CORE90GPSVT     2.195200  
U373                      AO4SVTX1        CORE90GPSVT     6.585600  
U374                      AO4SVTX1        CORE90GPSVT     6.585600  
U375                      CTIVSVTX6       CORX90GPSVT     6.585600  
U376                      B_ND2SVTX2      CORX90GPSVT     4.390400  
U377                      NR2ASVTX2       CORE90GPSVT     5.488000  
U378                      IVSVTX2         CORE90GPSVT     3.292800  
U379                      IVSVTX0H        CORE90GPSVT     2.195200  
U380                      AO2ABSVTX1      CORX90GPSVT     7.683200  
U381                      AO2ABSVTX1      CORX90GPSVT     7.683200  
U382                      IVSVTX8         CORE90GPSVT     7.683200  
U383                      ND2ASVTX4       CORE90GPSVT     8.780800  
U384                      IVSVTX2         CORE90GPSVT     3.292800  
U385                      CTIVSVTX6       CORX90GPSVT     6.585600  
U386                      IVSVTX0H        CORE90GPSVT     2.195200  
U387                      IVSVTX0H        CORE90GPSVT     2.195200  
U388                      IVSVTX0H        CORE90GPSVT     2.195200  
U389                      AO6SVTX1        CORE90GPSVT     5.488000  
U390                      AO7SVTX1        CORE90GPSVT     4.390400  
U391                      IVSVTX0H        CORE90GPSVT     2.195200  
U392                      IVSVTX0H        CORE90GPSVT     2.195200  
U393                      IVSVTX2         CORE90GPSVT     3.292800  
U394                      NR3ABSVTX2      CORE90GPSVT     6.585600  
U395                      IVSVTX0H        CORE90GPSVT     2.195200  
U396                      IVSVTX0H        CORE90GPSVT     2.195200  
U397                      IVSVTX0H        CORE90GPSVT     2.195200  
U398                      AO11SVTX1       CORE90GPSVT     8.780800  
U399                      AO6ABSVTX1      CORE90GPSVT     6.585600  
U400                      AO2NSVTX1       CORE90GPSVT     7.683200  
U401                      AO7SVTX1        CORE90GPSVT     4.390400  
U402                      F_MUX21NSVTX1   CORX90GPSVT     7.683200  
U403                      EOSVTX0H        CORX90GPSVT     7.683200  
U404                      AO11SVTX1       CORE90GPSVT     8.780800  
U405                      CTIVSVTX6       CORX90GPSVT     6.585600  
U406                      AO21SVTX1       CORE90GPSVT     6.585600  
U407                      F_ND2SVTX0H     CORX90GPSVT     4.390400  
U408                      AO11NSVTX1      CORE90GPSVT     10.976000 
U409                      AO7SVTX2        CORE90GPSVT     6.585600  
U410                      IVSVTX0H        CORE90GPSVT     2.195200  
U411                      IVSVTX0H        CORE90GPSVT     2.195200  
U412                      OR2SVTX2        CORE90GPSVT     5.488000  
U413                      IVSVTX0H        CORE90GPSVT     2.195200  
U414                      F_ND2SVTX0H     CORX90GPSVT     4.390400  
U415                      F_ND2SVTX0H     CORX90GPSVT     4.390400  
U416                      EOSVTX0H        CORX90GPSVT     7.683200  
U417                      ENSVTX0H        CORX90GPSVT     6.585600  
U418                      IVSVTX0H        CORE90GPSVT     2.195200  
U419                      AO6SVTX6        CORE90GPSVT     15.366400 
U420                      B_ND2SVTX0H     CORX90GPSVT     4.390400  
U421                      B_ND2SVTX0H     CORX90GPSVT     4.390400  
U422                      NR2SVTX4        CORE90GPSVT     6.585600  
U423                      CTIVSVTX2       CORX90GPSVT     3.292800  
U424                      AO7SVTX1        CORE90GPSVT     4.390400  
U425                      AO11NSVTX4      CORE90GPSVT     14.268800 
U426                      NR2SVTX4        CORE90GPSVT     6.585600  
U427                      CTIVSVTX4       CORX90GPSVT     4.390400  
U428                      F_IVSVTX1       CORX90GPSVT     3.292800  
U429                      B_ND2SVTX2      CORX90GPSVT     4.390400  
U430                      AO7SVTX4        CORE90GPSVT     10.976000 
U431                      AO7SVTX1        CORE90GPSVT     4.390400  
U432                      F_AO2SVTX1      CORX90GPSVT     6.585600  
U433                      NR2SVTX1        CORE90GPSVT     4.390400  
U434                      AO11SVTX2       CORE90GPSVT     12.073600 
U435                      IVSVTX1         CORE90GPSVT     3.292800  
U436                      AO4SVTX1        CORE90GPSVT     6.585600  
U437                      IVSVTX4         CORE90GPSVT     4.390400  
U438                      B_ND2SVTX2      CORX90GPSVT     4.390400  
U439                      NR2SVTX1        CORE90GPSVT     4.390400  
U440                      AO7SVTX6        CORE90GPSVT     15.366400 
U441                      AO6SVTX4        CORE90GPSVT     10.976000 
U442                      CTIVSVTX4       CORX90GPSVT     4.390400  
U443                      B_ND2SVTX2      CORX90GPSVT     4.390400  
U444                      F_IVSVTX1       CORX90GPSVT     3.292800  
U445                      B_ND2SVTX1      CORX90GPSVT     4.390400  
U446                      AO7SVTX4        CORE90GPSVT     10.976000 
U447                      B_ND2SVTX2      CORX90GPSVT     4.390400  
U448                      CTIVSVTX2       CORX90GPSVT     3.292800  
U449                      F_ND2ASVTX2     CORX90GPSVT     5.488000  
U450                      ND2ASVTX6       CORE90GPSVT     12.073600 
U451                      IVSVTX4         CORE90GPSVT     4.390400  
U452                      NR2ASVTX4       CORE90GPSVT     8.780800  
U453                      ND2ASVTX4       CORE90GPSVT     8.780800  
U454                      ND2ASVTX4       CORE90GPSVT     8.780800  
U455                      IVSVTX4         CORE90GPSVT     4.390400  
U456                      IVSVTX4         CORE90GPSVT     4.390400  
U457                      CTIVSVTX2       CORX90GPSVT     3.292800  
U458                      CTIVSVTX2       CORX90GPSVT     3.292800  
U459                      AO6SVTX6        CORE90GPSVT     15.366400 
U460                      AO7SVTX4        CORE90GPSVT     10.976000 
U461                      B_ND2SVTX2      CORX90GPSVT     4.390400  
U462                      OR2SVTX8        CORE90GPSVT     13.171200 
U463                      EOSVTX0H        CORX90GPSVT     7.683200  
U464                      AO6SVTX4        CORE90GPSVT     10.976000 
U465                      OR2SVTX4        CORE90GPSVT     7.683200  
U466                      CTIVSVTX2       CORX90GPSVT     3.292800  
U467                      B_ND2SVTX1      CORX90GPSVT     4.390400  
U468                      B_ND2SVTX2      CORX90GPSVT     4.390400  
U469                      OR2SVTX2        CORE90GPSVT     5.488000  
U470                      CTIVSVTX4       CORX90GPSVT     4.390400  
U471                      IVSVTX0H        CORE90GPSVT     2.195200  
U472                      CTIVSVTX2       CORX90GPSVT     3.292800  
U473                      CTIVSVTX2       CORX90GPSVT     3.292800  
U474                      CTIVSVTX2       CORX90GPSVT     3.292800  
U475                      AO7SVTX4        CORE90GPSVT     10.976000 
U476                      NR2ASVTX2       CORE90GPSVT     5.488000  
U477                      CTIVSVTX2       CORX90GPSVT     3.292800  
U478                      MUX21NSVTX2     CORE90GPSVT     8.780800  
U479                      MUX21NSVTX2     CORE90GPSVT     8.780800  
U480                      AO39SVTX2       CORX90GPSVT     10.976000 
U481                      IVSVTX8         CORE90GPSVT     7.683200  
U482                      CTIVSVTX2       CORX90GPSVT     3.292800  
U483                      B_ND2SVTX2      CORX90GPSVT     4.390400  
U484                      AO4SVTX2        CORE90GPSVT     7.683200  
U485                      CTIVSVTX2       CORX90GPSVT     3.292800  
U486                      AO4SVTX2        CORE90GPSVT     7.683200  
U487                      AO2ABSVTX2      CORX90GPSVT     8.780800  
U488                      AO2ABSVTX2      CORX90GPSVT     8.780800  
U489                      CTIVSVTX2       CORX90GPSVT     3.292800  
U490                      AO3CDSVTX6      CORX90GPSVT     17.561600 
U491                      AO8SVTX1        CORE90GPSVT     6.585600  
U492                      ND2SVTX6        CORE90GPSVT     8.780800  
U493                      NR2SVTX1        CORE90GPSVT     4.390400  
U494                      NR4SVTX4        CORE90GPSVT     10.976000 
U495                      CTIVSVTX2       CORX90GPSVT     3.292800  
U496                      CTIVSVTX4       CORX90GPSVT     4.390400  
U497                      B_ND2SVTX2      CORX90GPSVT     4.390400  
U498                      CTIVSVTX2       CORX90GPSVT     3.292800  
U499                      IVSVTX2         CORE90GPSVT     3.292800  
U500                      CTIVSVTX2       CORX90GPSVT     3.292800  
U501                      OR2SVTX4        CORE90GPSVT     7.683200  
U502                      B_ND2SVTX2      CORX90GPSVT     4.390400  
U503                      B_ND2SVTX2      CORX90GPSVT     4.390400  
U504                      FA1SVTX4        CORE90GPSVT     25.244801 r
U505                      IVSVTX4         CORE90GPSVT     4.390400  
U506                      NR2SVTX6        CORE90GPSVT     8.780800  
U507                      CTIVSVTX2       CORX90GPSVT     3.292800  
U508                      CTIVSVTX2       CORX90GPSVT     3.292800  
U509                      B_ND2SVTX2      CORX90GPSVT     4.390400  
U510                      B_ND2SVTX2      CORX90GPSVT     4.390400  
U511                      NR2SVTX4        CORE90GPSVT     6.585600  
U512                      AO6SVTX2        CORE90GPSVT     6.585600  
U513                      B_ND2SVTX1      CORX90GPSVT     4.390400  
U514                      B_ND2SVTX2      CORX90GPSVT     4.390400  
U515                      AO11NSVTX4      CORE90GPSVT     14.268800 
U516                      B_ND2SVTX2      CORX90GPSVT     4.390400  
U517                      B_ND2SVTX2      CORX90GPSVT     4.390400  
U518                      B_ND2SVTX1      CORX90GPSVT     4.390400  
U519                      B_ND2SVTX2      CORX90GPSVT     4.390400  
U520                      NR2SVTX6        CORE90GPSVT     8.780800  
U521                      ENSVTX0H        CORX90GPSVT     6.585600  
U522                      CTIVSVTX2       CORX90GPSVT     3.292800  
U523                      F_ND2SVTX1      CORX90GPSVT     4.390400  
U524                      B_ND2SVTX2      CORX90GPSVT     4.390400  
U525                      CTIVSVTX2       CORX90GPSVT     3.292800  
U526                      B_ND2SVTX2      CORX90GPSVT     4.390400  
U527                      B_ND2SVTX2      CORX90GPSVT     4.390400  
U528                      F_ND2SVTX1      CORX90GPSVT     4.390400  
U529                      CTIVSVTX2       CORX90GPSVT     3.292800  
U530                      B_ND2SVTX2      CORX90GPSVT     4.390400  
U531                      IVSVTX2         CORE90GPSVT     3.292800  
U532                      B_ND2SVTX2      CORX90GPSVT     4.390400  
U533                      B_ND2SVTX2      CORX90GPSVT     4.390400  
U534                      CTIVSVTX2       CORX90GPSVT     3.292800  
U535                      CTIVSVTX2       CORX90GPSVT     3.292800  
U536                      CTIVSVTX2       CORX90GPSVT     3.292800  
U537                      CTIVSVTX2       CORX90GPSVT     3.292800  
U538                      CTIVSVTX2       CORX90GPSVT     3.292800  
U539                      CTIVSVTX2       CORX90GPSVT     3.292800  
U540                      CTIVSVTX2       CORX90GPSVT     3.292800  
U541                      AO7SVTX2        CORE90GPSVT     6.585600  
U542                      B_ND2SVTX2      CORX90GPSVT     4.390400  
U543                      AO4SVTX2        CORE90GPSVT     7.683200  
U544                      AO4SVTX2        CORE90GPSVT     7.683200  
U545                      B_ND2SVTX2      CORX90GPSVT     4.390400  
U546                      AO7SVTX2        CORE90GPSVT     6.585600  
U547                      CTIVSVTX2       CORX90GPSVT     3.292800  
U548                      CTIVSVTX2       CORX90GPSVT     3.292800  
U549                      CTIVSVTX2       CORX90GPSVT     3.292800  
U550                      CTIVSVTX2       CORX90GPSVT     3.292800  
U551                      AO7SVTX2        CORE90GPSVT     6.585600  
U552                      AO2ABSVTX2      CORX90GPSVT     8.780800  
U553                      ND2ASVTX6       CORE90GPSVT     12.073600 
U554                      NR2SVTX2        CORE90GPSVT     4.390400  
U555                      ND2SVTX4        CORE90GPSVT     6.585600  
U556                      NR2SVTX6        CORE90GPSVT     8.780800  
U557                      CTIVSVTX4       CORX90GPSVT     4.390400  
U558                      AO21SVTX2       CORE90GPSVT     7.683200  
U559                      CTIVSVTX2       CORX90GPSVT     3.292800  
U560                      IVSVTX2         CORE90GPSVT     3.292800  
U561                      CTIVSVTX2       CORX90GPSVT     3.292800  
U562                      CTIVSVTX2       CORX90GPSVT     3.292800  
U563                      CTIVSVTX4       CORX90GPSVT     4.390400  
U564                      AO7SVTX6        CORE90GPSVT     15.366400 
U565                      B_ND2SVTX2      CORX90GPSVT     4.390400  
U566                      B_ND2SVTX2      CORX90GPSVT     4.390400  
U567                      B_ND2SVTX2      CORX90GPSVT     4.390400  
U568                      CTIVSVTX2       CORX90GPSVT     3.292800  
U569                      B_ND2SVTX2      CORX90GPSVT     4.390400  
U570                      B_ND2SVTX2      CORX90GPSVT     4.390400  
U571                      B_ND2SVTX2      CORX90GPSVT     4.390400  
U572                      B_ND2SVTX2      CORX90GPSVT     4.390400  
U573                      AO6SVTX2        CORE90GPSVT     6.585600  
U574                      B_ND2SVTX2      CORX90GPSVT     4.390400  
U575                      CTIVSVTX2       CORX90GPSVT     3.292800  
U576                      B_ND2SVTX2      CORX90GPSVT     4.390400  
U577                      B_ND2SVTX2      CORX90GPSVT     4.390400  
U578                      FAS1SVTX2       CORX90GPSVT     35.123199 r
U579                      B_ND2SVTX1      CORX90GPSVT     4.390400  
U580                      B_ND2SVTX2      CORX90GPSVT     4.390400  
U581                      OR2SVTX0H       CORX90GPSVT     5.488000  
U582                      AO7CSVTX4       CORE90GPSVT     12.073600 
U583                      FAS1SVTX2       CORX90GPSVT     35.123199 r
U584                      B_ND2SVTX2      CORX90GPSVT     4.390400  
U585                      FAS1SVTX2       CORX90GPSVT     35.123199 r
U586                      AO6SVTX2        CORE90GPSVT     6.585600  
U587                      AO6NSVTX2       CORE90GPSVT     7.683200  
U588                      B_ND2SVTX2      CORX90GPSVT     4.390400  
U589                      AO7SVTX6        CORE90GPSVT     15.366400 
U590                      AO7SVTX4        CORE90GPSVT     10.976000 
U591                      B_ND2SVTX2      CORX90GPSVT     4.390400  
U592                      AO7SVTX2        CORE90GPSVT     6.585600  
U593                      B_ND2SVTX1      CORX90GPSVT     4.390400  
U594                      AO6SVTX4        CORE90GPSVT     10.976000 
U595                      B_ND2SVTX1      CORX90GPSVT     4.390400  
U596                      B_ND2SVTX1      CORX90GPSVT     4.390400  
U597                      B_ND2SVTX1      CORX90GPSVT     4.390400  
U598                      B_ND2SVTX1      CORX90GPSVT     4.390400  
U599                      B_ND2SVTX2      CORX90GPSVT     4.390400  
U600                      B_ND2SVTX2      CORX90GPSVT     4.390400  
U601                      B_ND2SVTX2      CORX90GPSVT     4.390400  
U602                      B_ND2SVTX1      CORX90GPSVT     4.390400  
U603                      B_ND2SVTX2      CORX90GPSVT     4.390400  
U604                      B_ND2SVTX1      CORX90GPSVT     4.390400  
U605                      AO7SVTX2        CORE90GPSVT     6.585600  
U606                      B_ND2SVTX1      CORX90GPSVT     4.390400  
U607                      B_ND2SVTX2      CORX90GPSVT     4.390400  
U608                      B_ND2SVTX2      CORX90GPSVT     4.390400  
U609                      B_ND2SVTX1      CORX90GPSVT     4.390400  
U610                      B_ND2SVTX1      CORX90GPSVT     4.390400  
U611                      B_ND2SVTX1      CORX90GPSVT     4.390400  
U612                      B_ND2SVTX1      CORX90GPSVT     4.390400  
U613                      B_ND2SVTX2      CORX90GPSVT     4.390400  
U614                      B_ND2SVTX2      CORX90GPSVT     4.390400  
U615                      IVSVTX0H        CORE90GPSVT     2.195200  
U616                      B_ND2SVTX2      CORX90GPSVT     4.390400  
U617                      B_ND2SVTX2      CORX90GPSVT     4.390400  
U618                      B_ND2SVTX1      CORX90GPSVT     4.390400  
U619                      B_ND2SVTX2      CORX90GPSVT     4.390400  
U620                      B_ND2SVTX1      CORX90GPSVT     4.390400  
U621                      CTIVSVTX2       CORX90GPSVT     3.292800  
U622                      OR2SVTX4        CORE90GPSVT     7.683200  
U623                      B_ND2SVTX1      CORX90GPSVT     4.390400  
U624                      B_ND2SVTX1      CORX90GPSVT     4.390400  
U625                      B_ND2SVTX2      CORX90GPSVT     4.390400  
U626                      B_ND2SVTX2      CORX90GPSVT     4.390400  
U627                      OR2SVTX2        CORE90GPSVT     5.488000  
U628                      B_ND2SVTX2      CORX90GPSVT     4.390400  
U629                      NR2SVTX2        CORE90GPSVT     4.390400  
U630                      B_ND2SVTX2      CORX90GPSVT     4.390400  
U631                      B_ND2SVTX2      CORX90GPSVT     4.390400  
U632                      AO7SVTX2        CORE90GPSVT     6.585600  
U633                      B_ND2SVTX2      CORX90GPSVT     4.390400  
U634                      B_ND2SVTX2      CORX90GPSVT     4.390400  
U635                      B_ND2SVTX2      CORX90GPSVT     4.390400  
U636                      B_ND2SVTX2      CORX90GPSVT     4.390400  
U637                      B_ND2SVTX2      CORX90GPSVT     4.390400  
U638                      B_ND2SVTX2      CORX90GPSVT     4.390400  
U639                      B_ND2SVTX2      CORX90GPSVT     4.390400  
U640                      B_ND2SVTX2      CORX90GPSVT     4.390400  
U641                      B_ND2SVTX2      CORX90GPSVT     4.390400  
U642                      B_ND2SVTX2      CORX90GPSVT     4.390400  
U643                      F_EOSVTX2       CORX90GPSVT     10.976000 
U644                      B_ND2SVTX2      CORX90GPSVT     4.390400  
U645                      F_ENSVTX2       CORX90GPSVT     10.976000 
U646                      B_ND2SVTX1      CORX90GPSVT     4.390400  
U647                      B_ND2SVTX2      CORX90GPSVT     4.390400  
U648                      B_ND2SVTX2      CORX90GPSVT     4.390400  
U649                      B_ND2SVTX2      CORX90GPSVT     4.390400  
U650                      B_ND2SVTX2      CORX90GPSVT     4.390400  
U651                      B_ND2SVTX2      CORX90GPSVT     4.390400  
U652                      ENSVTX0H        CORX90GPSVT     6.585600  
U653                      BFSVTX6         CORE90GPSVT     7.683200  
U654                      B_ND2SVTX2      CORX90GPSVT     4.390400  
U655                      B_ND2SVTX2      CORX90GPSVT     4.390400  
U656                      IVSVTX4         CORE90GPSVT     4.390400  
U657                      B_ND2SVTX2      CORX90GPSVT     4.390400  
U658                      B_ND2SVTX2      CORX90GPSVT     4.390400  
U659                      NR2SVTX2        CORE90GPSVT     4.390400  
U660                      CTIVSVTX2       CORX90GPSVT     3.292800  
U661                      B_ND2SVTX2      CORX90GPSVT     4.390400  
U662                      B_ND2SVTX2      CORX90GPSVT     4.390400  
U663                      F_IVSVTX1       CORX90GPSVT     3.292800  
U664                      AO7SVTX4        CORE90GPSVT     10.976000 
U665                      F_IVSVTX1       CORX90GPSVT     3.292800  
U666                      F_IVSVTX1       CORX90GPSVT     3.292800  
U667                      AO2ASVTX2       CORE90GPSVT     9.878400  
U668                      AO39SVTX2       CORX90GPSVT     10.976000 
U669                      F_IVSVTX1       CORX90GPSVT     3.292800  
U670                      CTIVSVTX2       CORX90GPSVT     3.292800  
U671                      AO1SVTX2        CORE90GPSVT     7.683200  
U672                      MUX21NSVTX2     CORE90GPSVT     8.780800  
U673                      CTIVSVTX2       CORX90GPSVT     3.292800  
U674                      CTIVSVTX2       CORX90GPSVT     3.292800  
U675                      CTIVSVTX2       CORX90GPSVT     3.292800  
U676                      AO2SVTX2        CORE90GPSVT     7.683200  
U677                      AO6ABSVTX2      CORE90GPSVT     7.683200  
U678                      MUX21NSVTX2     CORE90GPSVT     8.780800  
U679                      AO6ABSVTX2      CORE90GPSVT     7.683200  
U680                      AO2SVTX2        CORE90GPSVT     7.683200  
U681                      B_ND2SVTX2      CORX90GPSVT     4.390400  
U682                      ND4ABSVTX6      CORE90GPSVT     15.366400 
U683                      B_ND2SVTX2      CORX90GPSVT     4.390400  
U684                      NR4SVTX4        CORE90GPSVT     10.976000 
U685                      CTIVSVTX2       CORX90GPSVT     3.292800  
U686                      IVSVTX0H        CORE90GPSVT     2.195200  
U687                      CTIVSVTX2       CORX90GPSVT     3.292800  
U688                      CTIVSVTX2       CORX90GPSVT     3.292800  
U689                      CTIVSVTX2       CORX90GPSVT     3.292800  
U690                      NR2SVTX2        CORE90GPSVT     4.390400  
U691                      AO11NSVTX4      CORE90GPSVT     14.268800 
U692                      AO11NSVTX2      CORE90GPSVT     12.073600 
U693                      IVSVTX4         CORE90GPSVT     4.390400  
U694                      NR2SVTX2        CORE90GPSVT     4.390400  
U695                      NR2SVTX2        CORE90GPSVT     4.390400  
U696                      AO3SVTX2        CORE90GPSVT     7.683200  
U697                      F_ENSVTX2       CORX90GPSVT     10.976000 
U698                      AO11NSVTX4      CORE90GPSVT     14.268800 
U699                      EOSVTX4         CORE90GPSVT     12.073600 
U700                      ND2SVTX4        CORE90GPSVT     6.585600  
U701                      ND2SVTX4        CORE90GPSVT     6.585600  
U702                      ENSVTX4         CORE90GPSVT     12.073600 
U703                      NR2SVTX2        CORE90GPSVT     4.390400  
U704                      AO7SVTX2        CORE90GPSVT     6.585600  
U705                      AO11NSVTX1      CORE90GPSVT     10.976000 
U706                      AO11NSVTX2      CORE90GPSVT     12.073600 
U707                      AO4SVTX1        CORE90GPSVT     6.585600  
U708                      CTIVSVTX2       CORX90GPSVT     3.292800  
U709                      AO11NSVTX1      CORE90GPSVT     10.976000 
U710                      AO11NSVTX2      CORE90GPSVT     12.073600 
U711                      AO11NSVTX1      CORE90GPSVT     10.976000 
U712                      AO7SVTX4        CORE90GPSVT     10.976000 
U713                      CTIVSVTX2       CORX90GPSVT     3.292800  
U714                      F_MUX21NSVTX1   CORX90GPSVT     7.683200  
U715                      AO11NSVTX1      CORE90GPSVT     10.976000 
U716                      F_ND2SVTX0H     CORX90GPSVT     4.390400  
U717                      AO6SVTX1        CORE90GPSVT     5.488000  
U718                      CTIVSVTX4       CORX90GPSVT     4.390400  
U719                      AO7ASVTX4       CORE90GPSVT     12.073600 
U720                      CTIVSVTX4       CORX90GPSVT     4.390400  
U721                      EOSVTX0H        CORX90GPSVT     7.683200  
U722                      ENSVTX0H        CORX90GPSVT     6.585600  
U723                      ENSVTX0H        CORX90GPSVT     6.585600  
U724                      EOSVTX0H        CORX90GPSVT     7.683200  
U725                      EOSVTX0H        CORX90GPSVT     7.683200  
U726                      EOSVTX0H        CORX90GPSVT     7.683200  
U727                      ENSVTX0H        CORX90GPSVT     6.585600  
U728                      ENSVTX0H        CORX90GPSVT     6.585600  
U729                      EOSVTX0H        CORX90GPSVT     7.683200  
U730                      ENSVTX0H        CORX90GPSVT     6.585600  
U731                      EOSVTX0H        CORX90GPSVT     7.683200  
U732                      EOSVTX0H        CORX90GPSVT     7.683200  
U733                      ENSVTX0H        CORX90GPSVT     6.585600  
U734                      EOSVTX0H        CORX90GPSVT     7.683200  
U735                      ENSVTX0H        CORX90GPSVT     6.585600  
U736                      OR2SVTX2        CORE90GPSVT     5.488000  
U737                      F_IVSVTX0H      CORX90GPSVT     3.292800  
U738                      ND2SVTX4        CORE90GPSVT     6.585600  
U739                      NR3SVTX8        CORE90GPSVT     15.366400 
U740                      IVSVTX0H        CORE90GPSVT     2.195200  
U741                      IVSVTX0H        CORE90GPSVT     2.195200  
U742                      AO8SVTX1        CORE90GPSVT     6.585600  
U743                      NR2ASVTX6       CORE90GPSVT     10.976000 
U744                      NR3ABSVTX2      CORE90GPSVT     6.585600  
U745                      NR4SVTX2        CORE90GPSVT     6.585600  
U746                      NR2SVTX2        CORE90GPSVT     4.390400  
U747                      NR2SVTX2        CORE90GPSVT     4.390400  
U748                      NR2SVTX2        CORE90GPSVT     4.390400  
U749                      ND3SVTX4        CORE90GPSVT     8.780800  
U750                      NR3SVTX2        CORE90GPSVT     5.488000  
U751                      IVSVTX2         CORE90GPSVT     3.292800  
U752                      ND4ABCSVTX8     CORE90GPSVT     18.659201 
U753                      AO7SVTX2        CORE90GPSVT     6.585600  
U754                      F_AN2SVTX2      CORX90GPSVT     5.488000  
U755                      NR2ASVTX1       CORE90GPSVT     4.390400  
U756                      AO1SVTX2        CORE90GPSVT     7.683200  
U757                      F_ND2ASVTX2     CORX90GPSVT     5.488000  
U758                      AO6SVTX1        CORE90GPSVT     5.488000  
U759                      AO7SVTX2        CORE90GPSVT     6.585600  
U760                      NR2ASVTX2       CORE90GPSVT     5.488000  
U761                      AO6ABSVTX2      CORE90GPSVT     7.683200  
U762                      IVSVTX0H        CORE90GPSVT     2.195200  
U763                      NR2SVTX2        CORE90GPSVT     4.390400  
U764                      AO6SVTX1        CORE90GPSVT     5.488000  
U765                      NR2ASVTX2       CORE90GPSVT     5.488000  
U766                      AO6SVTX1        CORE90GPSVT     5.488000  
U767                      AO7SVTX2        CORE90GPSVT     6.585600  
U768                      AO6SVTX2        CORE90GPSVT     6.585600  
U769                      F_ND2ASVTX2     CORX90GPSVT     5.488000  
U770                      ND4ABCSVTX8     CORE90GPSVT     18.659201 
U771                      OR2SVTX4        CORE90GPSVT     7.683200  
U772                      IVSVTX0H        CORE90GPSVT     2.195200  
U773                      IVSVTX0H        CORE90GPSVT     2.195200  
U774                      AO6ABSVTX2      CORE90GPSVT     7.683200  
U775                      AO4SVTX1        CORE90GPSVT     6.585600  
U776                      IVSVTX0H        CORE90GPSVT     2.195200  
U777                      AO4SVTX1        CORE90GPSVT     6.585600  
U778                      IVSVTX0H        CORE90GPSVT     2.195200  
U779                      AO4SVTX1        CORE90GPSVT     6.585600  
U780                      AO6ABSVTX2      CORE90GPSVT     7.683200  
U781                      AO39SVTX2       CORX90GPSVT     10.976000 
U782                      AO2SVTX2        CORE90GPSVT     7.683200  
U783                      IVSVTX4         CORE90GPSVT     4.390400  
U784                      IVSVTX4         CORE90GPSVT     4.390400  
U785                      IVSVTX0H        CORE90GPSVT     2.195200  
U786                      AO4SVTX1        CORE90GPSVT     6.585600  
U787                      AO6SVTX1        CORE90GPSVT     5.488000  
U788                      IVSVTX2         CORE90GPSVT     3.292800  
U789                      NR2ASVTX1       CORE90GPSVT     4.390400  
U790                      AO1ABSVTX1      CORX90GPSVT     6.585600  
U791                      AO20SVTX2       CORE90GPSVT     6.585600  
U792                      NR2ASVTX1       CORE90GPSVT     4.390400  
U793                      AO1SVTX2        CORE90GPSVT     7.683200  
U794                      IVSVTX2         CORE90GPSVT     3.292800  
U795                      AO7SVTX1        CORE90GPSVT     4.390400  
U796                      AO6SVTX1        CORE90GPSVT     5.488000  
U797                      AO7SVTX1        CORE90GPSVT     4.390400  
U798                      NR2ASVTX1       CORE90GPSVT     4.390400  
U799                      AO1ABSVTX1      CORX90GPSVT     6.585600  
U800                      AO2SVTX2        CORE90GPSVT     7.683200  
U801                      AO7SVTX2        CORE90GPSVT     6.585600  
U802                      IVSVTX0H        CORE90GPSVT     2.195200  
U803                      AO7SVTX1        CORE90GPSVT     4.390400  
U804                      NR2ASVTX1       CORE90GPSVT     4.390400  
U805                      ND3ABSVTX2      CORE90GPSVT     6.585600  
U806                      IVSVTX0H        CORE90GPSVT     2.195200  
U807                      AO7SVTX1        CORE90GPSVT     4.390400  
U808                      IVSVTX0H        CORE90GPSVT     2.195200  
U809                      AO4SVTX1        CORE90GPSVT     6.585600  
U810                      AO1SVTX2        CORE90GPSVT     7.683200  
U811                      AO6SVTX1        CORE90GPSVT     5.488000  
U812                      AO7SVTX1        CORE90GPSVT     4.390400  
U813                      AO6ASVTX2       CORE90GPSVT     7.683200  
U814                      AO4SVTX2        CORE90GPSVT     7.683200  
U815                      AO4SVTX1        CORE90GPSVT     6.585600  
U816                      AO2ABSVTX2      CORX90GPSVT     8.780800  
U817                      ND2SVTX4        CORE90GPSVT     6.585600  
U818                      F_AO2SVTX1      CORX90GPSVT     6.585600  
U819                      AO6SVTX1        CORE90GPSVT     5.488000  
U820                      AO3SVTX1        CORE90GPSVT     6.585600  
U821                      NR2SVTX2        CORE90GPSVT     4.390400  
U822                      NR2SVTX2        CORE90GPSVT     4.390400  
U823                      NR2ASVTX2       CORE90GPSVT     5.488000  
U824                      IVSVTX2         CORE90GPSVT     3.292800  
U825                      NR2SVTX2        CORE90GPSVT     4.390400  
U826                      AO4SVTX1        CORE90GPSVT     6.585600  
U827                      AO4SVTX1        CORE90GPSVT     6.585600  
U828                      IVSVTX0H        CORE90GPSVT     2.195200  
U829                      NR2ASVTX1       CORE90GPSVT     4.390400  
U830                      F_AO2SVTX1      CORX90GPSVT     6.585600  
U831                      AO7SVTX2        CORE90GPSVT     6.585600  
U832                      NR2SVTX2        CORE90GPSVT     4.390400  
U833                      AO4SVTX2        CORE90GPSVT     7.683200  
U834                      AO4SVTX2        CORE90GPSVT     7.683200  
U835                      MUX21NSVTX2     CORE90GPSVT     8.780800  
U836                      AO4SVTX1        CORE90GPSVT     6.585600  
U837                      AO4SVTX1        CORE90GPSVT     6.585600  
U838                      MUX21NSVTX2     CORE90GPSVT     8.780800  
U839                      MUX21NSVTX2     CORE90GPSVT     8.780800  
U840                      MUX21NSVTX2     CORE90GPSVT     8.780800  
U841                      F_AN2SVTX2      CORX90GPSVT     5.488000  
U842                      F_AO2SVTX1      CORX90GPSVT     6.585600  
U843                      AO7SVTX4        CORE90GPSVT     10.976000 
U844                      NR3ABSVTX2      CORE90GPSVT     6.585600  
U845                      ND2SVTX4        CORE90GPSVT     6.585600  
U846                      IVSVTX0H        CORE90GPSVT     2.195200  
U847                      AO39SVTX2       CORX90GPSVT     10.976000 
U848                      AO39SVTX2       CORX90GPSVT     10.976000 
U849                      AO11SVTX2       CORE90GPSVT     12.073600 
U850                      AO11SVTX2       CORE90GPSVT     12.073600 
U851                      MUX21NSVTX2     CORE90GPSVT     8.780800  
U852                      AO8SVTX1        CORE90GPSVT     6.585600  
U853                      NR2SVTX2        CORE90GPSVT     4.390400  
U854                      AO11SVTX4       CORE90GPSVT     19.756800 
U855                      IVSVTX0H        CORE90GPSVT     2.195200  
U856                      AO4SVTX1        CORE90GPSVT     6.585600  
U857                      AO6SVTX2        CORE90GPSVT     6.585600  
U858                      AO11SVTX2       CORE90GPSVT     12.073600 
U859                      AO2ASVTX4       CORE90GPSVT     15.366400 
U860                      AO4SVTX1        CORE90GPSVT     6.585600  
U861                      AO6ABSVTX2      CORE90GPSVT     7.683200  
U862                      AO7SVTX4        CORE90GPSVT     10.976000 
U863                      NR2SVTX2        CORE90GPSVT     4.390400  
U864                      ND2SVTX4        CORE90GPSVT     6.585600  
U865                      F_EOSVTX2       CORX90GPSVT     10.976000 
U866                      F_AO2SVTX1      CORX90GPSVT     6.585600  
U867                      F_EOSVTX2       CORX90GPSVT     10.976000 
U868                      IVSVTX2         CORE90GPSVT     3.292800  
U869                      F_IVSVTX0H      CORX90GPSVT     3.292800  
U870                      ND2SVTX2        CORE90GPSVT     4.390400  
U871                      NR2SVTX2        CORE90GPSVT     4.390400  
U872                      ND2SVTX2        CORE90GPSVT     4.390400  
U873                      NR2SVTX2        CORE90GPSVT     4.390400  
U874                      F_EOSVTX2       CORX90GPSVT     10.976000 
U875                      NR2SVTX2        CORE90GPSVT     4.390400  
U876                      NR2SVTX2        CORE90GPSVT     4.390400  
U877                      AO11NSVTX4      CORE90GPSVT     14.268800 
U878                      NR2SVTX2        CORE90GPSVT     4.390400  
U879                      IVSVTX0H        CORE90GPSVT     2.195200  
U880                      NR2SVTX0H       CORX90GPSVT     4.390400  
U881                      AO11NSVTX2      CORE90GPSVT     12.073600 
U882                      OR2SVTX2        CORE90GPSVT     5.488000  
U883                      AO11NSVTX4      CORE90GPSVT     14.268800 
U884                      IVSVTX0H        CORE90GPSVT     2.195200  
U885                      AO11NSVTX4      CORE90GPSVT     14.268800 
U886                      OR2SVTX2        CORE90GPSVT     5.488000  
U887                      F_EOSVTX2       CORX90GPSVT     10.976000 
U888                      F_AO2SVTX1      CORX90GPSVT     6.585600  
U889                      NR2SVTX2        CORE90GPSVT     4.390400  
U890                      NR2SVTX2        CORE90GPSVT     4.390400  
U891                      IVSVTX2         CORE90GPSVT     3.292800  
U892                      EOSVTX0H        CORX90GPSVT     7.683200  
U893                      NR2SVTX2        CORE90GPSVT     4.390400  
U894                      IVSVTX0H        CORE90GPSVT     2.195200  
U895                      IVSVTX0H        CORE90GPSVT     2.195200  
U896                      AO11NSVTX1      CORE90GPSVT     10.976000 
U897                      NR2SVTX2        CORE90GPSVT     4.390400  
U898                      B_ND2SVTX1      CORX90GPSVT     4.390400  
U899                      AO7SVTX2        CORE90GPSVT     6.585600  
U900                      AO11NSVTX1      CORE90GPSVT     10.976000 
U901                      OR2SVTX2        CORE90GPSVT     5.488000  
U902                      F_AN2SVTX2      CORX90GPSVT     5.488000  
U903                      AO6SVTX2        CORE90GPSVT     6.585600  
U904                      NR2SVTX2        CORE90GPSVT     4.390400  
U905                      ENSVTX0H        CORX90GPSVT     6.585600  
U906                      NR2SVTX2        CORE90GPSVT     4.390400  
U907                      NR2SVTX2        CORE90GPSVT     4.390400  
U908                      AO11NSVTX2      CORE90GPSVT     12.073600 
U909                      NR2SVTX2        CORE90GPSVT     4.390400  
U910                      NR2SVTX2        CORE90GPSVT     4.390400  
U911                      OR2SVTX2        CORE90GPSVT     5.488000  
U912                      IVSVTX0H        CORE90GPSVT     2.195200  
U913                      NR2SVTX2        CORE90GPSVT     4.390400  
U914                      NR2SVTX2        CORE90GPSVT     4.390400  
U915                      NR2SVTX2        CORE90GPSVT     4.390400  
U916                      NR2SVTX2        CORE90GPSVT     4.390400  
U917                      AO7SVTX2        CORE90GPSVT     6.585600  
U918                      AO6SVTX2        CORE90GPSVT     6.585600  
U919                      F_IVSVTX0H      CORX90GPSVT     3.292800  
U920                      AO6SVTX1        CORE90GPSVT     5.488000  
U921                      AO7SVTX4        CORE90GPSVT     10.976000 
U922                      AO8SVTX1        CORE90GPSVT     6.585600  
U923                      AO4SVTX1        CORE90GPSVT     6.585600  
U924                      IVSVTX0H        CORE90GPSVT     2.195200  
U925                      AO11SVTX2       CORE90GPSVT     12.073600 
U926                      AO4SVTX1        CORE90GPSVT     6.585600  
U927                      AO6ABSVTX1      CORE90GPSVT     6.585600  
U928                      AO7SVTX2        CORE90GPSVT     6.585600  
U929                      NR2SVTX0H       CORX90GPSVT     4.390400  
U930                      AO11NSVTX2      CORE90GPSVT     12.073600 
U931                      OR2SVTX2        CORE90GPSVT     5.488000  
U932                      ND3ABSVTX2      CORE90GPSVT     6.585600  
U933                      AO6CSVTX2       CORE90GPSVT     7.683200  
U934                      ENSVTX0H        CORX90GPSVT     6.585600  
U935                      AO4SVTX1        CORE90GPSVT     6.585600  
U936                      IVSVTX0H        CORE90GPSVT     2.195200  
U937                      AO4SVTX1        CORE90GPSVT     6.585600  
U938                      AO6SVTX1        CORE90GPSVT     5.488000  
U939                      IVSVTX0H        CORE90GPSVT     2.195200  
U940                      AO7SVTX1        CORE90GPSVT     4.390400  
U941                      AO4SVTX1        CORE90GPSVT     6.585600  
U942                      AO4SVTX1        CORE90GPSVT     6.585600  
U943                      AO6ABSVTX1      CORE90GPSVT     6.585600  
U944                      AO7SVTX2        CORE90GPSVT     6.585600  
U945                      F_AO2SVTX1      CORX90GPSVT     6.585600  
U946                      AO4SVTX1        CORE90GPSVT     6.585600  
U947                      AO4SVTX1        CORE90GPSVT     6.585600  
U948                      AO6ABSVTX1      CORE90GPSVT     6.585600  
U949                      AO4SVTX1        CORE90GPSVT     6.585600  
U950                      AO4SVTX1        CORE90GPSVT     6.585600  
U951                      AO7SVTX2        CORE90GPSVT     6.585600  
U952                      NR2SVTX2        CORE90GPSVT     4.390400  
U953                      NR2SVTX2        CORE90GPSVT     4.390400  
U954                      NR2SVTX2        CORE90GPSVT     4.390400  
U955                      NR2SVTX2        CORE90GPSVT     4.390400  
U956                      NR2SVTX2        CORE90GPSVT     4.390400  
U957                      F_EOSVTX2       CORX90GPSVT     10.976000 
U958                      NR2SVTX2        CORE90GPSVT     4.390400  
U959                      AO11NSVTX2      CORE90GPSVT     12.073600 
U960                      NR2SVTX2        CORE90GPSVT     4.390400  
U961                      AO6SVTX8        CORE90GPSVT     19.756800 
U962                      AO7SVTX8        CORE90GPSVT     19.756800 
U963                      NR2SVTX2        CORE90GPSVT     4.390400  
U964                      F_EOSVTX2       CORX90GPSVT     10.976000 
U965                      NR2SVTX2        CORE90GPSVT     4.390400  
U966                      F_EOSVTX2       CORX90GPSVT     10.976000 
U967                      NR2SVTX2        CORE90GPSVT     4.390400  
U968                      AO11NSVTX4      CORE90GPSVT     14.268800 
U969                      NR2SVTX2        CORE90GPSVT     4.390400  
U970                      AO11NSVTX4      CORE90GPSVT     14.268800 
U971                      OR2SVTX2        CORE90GPSVT     5.488000  
U972                      NR3SVTX2        CORE90GPSVT     5.488000  
U973                      AO1CDSVTX8      CORX90GPSVT     24.147200 
U974                      AO7SVTX8        CORE90GPSVT     19.756800 
U975                      OR2SVTX2        CORE90GPSVT     5.488000  
U976                      AO6SVTX8        CORE90GPSVT     19.756800 
U977                      AO7SVTX8        CORE90GPSVT     19.756800 
U978                      AO11NSVTX4      CORE90GPSVT     14.268800 
U979                      OR2SVTX2        CORE90GPSVT     5.488000  
U980                      AO3SVTX2        CORE90GPSVT     7.683200  
U981                      NR2SVTX2        CORE90GPSVT     4.390400  
U982                      ENSVTX0H        CORX90GPSVT     6.585600  
U983                      NR2ASVTX2       CORE90GPSVT     5.488000  
U984                      NR2SVTX2        CORE90GPSVT     4.390400  
U985                      ENSVTX0H        CORX90GPSVT     6.585600  
U986                      NR2ASVTX2       CORE90GPSVT     5.488000  
U987                      AO7ABSVTX2      CORE90GPSVT     6.585600  
U988                      IVSVTX0H        CORE90GPSVT     2.195200  
U989                      ND3SVTX1        CORE90GPSVT     5.488000  
U990                      AO7SVTX2        CORE90GPSVT     6.585600  
U991                      IVSVTX0H        CORE90GPSVT     2.195200  
U992                      F_ND2ASVTX2     CORX90GPSVT     5.488000  
U993                      IVSVTX0H        CORE90GPSVT     2.195200  
U994                      EOSVTX0H        CORX90GPSVT     7.683200  
U995                      HA1SVTX1        CORE90GPSVT     9.878400  r
U996                      NR2SVTX2        CORE90GPSVT     4.390400  
U997                      AO7SVTX4        CORE90GPSVT     10.976000 
U999                      OR2SVTX4        CORE90GPSVT     7.683200  
U1000                     AO6SVTX8        CORE90GPSVT     19.756800 
U1001                     F_ENSVTX2       CORX90GPSVT     10.976000 
U1002                     F_EOSVTX2       CORX90GPSVT     10.976000 
U1003                     F_EOSVTX2       CORX90GPSVT     10.976000 
U1004                     AO6SVTX1        CORE90GPSVT     5.488000  
U1005                     IVSVTX0H        CORE90GPSVT     2.195200  
U1006                     IVSVTX0H        CORE90GPSVT     2.195200  
U1007                     AO6SVTX1        CORE90GPSVT     5.488000  
U1008                     AO7SVTX1        CORE90GPSVT     4.390400  
U1009                     AO7SVTX1        CORE90GPSVT     4.390400  
U1010                     AO6SVTX1        CORE90GPSVT     5.488000  
U1011                     AO7SVTX1        CORE90GPSVT     4.390400  
U1012                     AO6SVTX1        CORE90GPSVT     5.488000  
U1013                     IVSVTX0H        CORE90GPSVT     2.195200  
U1014                     IVSVTX0H        CORE90GPSVT     2.195200  
U1015                     IVSVTX0H        CORE90GPSVT     2.195200  
U1016                     AO6SVTX1        CORE90GPSVT     5.488000  
U1017                     IVSVTX0H        CORE90GPSVT     2.195200  
U1018                     AO7SVTX1        CORE90GPSVT     4.390400  
U1019                     IVSVTX0H        CORE90GPSVT     2.195200  
U1020                     AO7SVTX1        CORE90GPSVT     4.390400  
U1021                     IVSVTX0H        CORE90GPSVT     2.195200  
--------------------------------------------------------------------------------
Total 727 cells                                           4642.847939
1
 
****************************************
Report : compile_options
Design : m_rangemapping
Version: J-2014.09-SP2
Date   : Sun Apr 17 16:33:30 2022
****************************************

Design                                   Compile Option         Value
--------------------------------------------------------------------------------
m_rangemapping                           flatten                false
                                         structure              true
                                         structure_boolean      false
                                         structure_timing       true
                                         isolate_port           disabled
--------------------------------------------------------------------------------
1
